Product: MDK-ARM Standard 5.10
Component: ARM Compiler 5.04 update 1 (build 49)
Tool: armlink [5040049]

==============================================================================

Section Cross References

    main.o(.text) refers to led.o(.text) for LED_INIT
    main.o(.text) refers to moto.o(.text) for Moto_Init
    main.o(.text) refers to tim3.o(.text) for Tim3_Init
    main.o(.text) refers to tim_pwm_in.o(.text) for Tim_Pwm_In_Init
    main.o(.text) refers to bsp.o(.text) for Nvic_Init
    main.o(.text) refers to ano_tc_stm32f1_i2c.o(.text) for ANO_TC_I2C2_INIT
    main.o(.text) refers to mpu6050.o(.text) for MPU6050_Init
    main.o(.text) refers to spi.o(.text) for Spi1_Init
    main.o(.text) refers to nrf24l01.o(.text) for Nrf24l01_Init
    main.o(.text) refers to stm32f10x_flash.o(.text) for FLASH_Unlock
    main.o(.text) refers to gmr.o(.text) for ADC_Configuration
    main.o(.text) refers to rc.o(.text) for Rc_Fun
    main.o(.text) refers to imu.o(.text) for Prepare_Data
    main.o(.text) refers to control.o(.text) for Control
    main.o(.text) refers to stm32f10x_gpio.o(.text) for GPIO_SetBits
    main.o(.text) refers to main.o(.data) for FLAG_ATT
    main.o(.text) refers to main.o(.bss) for Rc_D
    main.o(.text) refers to data_transfer.o(.data) for Send_Senser
    stm32f10x_it.o(.text) refers to mpu6050.o(.text) for MPU6050_Read
    stm32f10x_it.o(.text) refers to data_transfer.o(.text) for Data_Exchange
    stm32f10x_it.o(.text) refers to tim_pwm_in.o(.text) for Tim4_Pwm_In_Irq
    stm32f10x_it.o(.text) refers to usart.o(.text) for Uart1_IRQ
    stm32f10x_it.o(.text) refers to ano_tc_stm32f1_i2c.o(.text) for ANO_TC_I2C2_EV_IRQ
    stm32f10x_it.o(.text) refers to tim3.o(.data) for TIM3_IRQCNT
    stm32f10x_it.o(.text) refers to stm32f10x_it.o(.data) for ms1_cnt
    stm32f10x_it.o(.text) refers to main.o(.data) for FLAG_ATT
    imu.o(.text) refers to fflt_clz.o(x$fpl$fflt) for __aeabi_i2f
    imu.o(.text) refers to fmul.o(x$fpl$fmul) for __aeabi_fmul
    imu.o(.text) refers to feqf.o(x$fpl$feqf) for __aeabi_cfcmpeq
    imu.o(.text) refers to faddsub_clz.o(x$fpl$fadd) for __aeabi_fadd
    imu.o(.text) refers to f2d.o(x$fpl$f2d) for __aeabi_f2d
    imu.o(.text) refers to sqrt.o(i.sqrt) for sqrt
    imu.o(.text) refers to d2f.o(x$fpl$d2f) for __aeabi_d2f
    imu.o(.text) refers to fdiv.o(x$fpl$fdiv) for __aeabi_fdiv
    imu.o(.text) refers to frleqf.o(x$fpl$frleqf) for __aeabi_cfrcmple
    imu.o(.text) refers to faddsub_clz.o(x$fpl$fsub) for __aeabi_fsub
    imu.o(.text) refers to imu.o(.bss) for ACC_X_BUF
    imu.o(.text) refers to imu.o(.data) for filter_cnt
    imu.o(.text) refers to main.o(.data) for Rc_C
    imu.o(.text) refers to asin.o(i.asin) for asin
    imu.o(.text) refers to dmul.o(x$fpl$dmul) for __aeabi_dmul
    imu.o(.text) refers to daddsub_clz.o(x$fpl$dsub) for __aeabi_dsub
    imu.o(.text) refers to atan2.o(i.atan2) for atan2
    control.o(.text) refers to fflt_clz.o(x$fpl$fflt) for __aeabi_i2f
    control.o(.text) refers to faddsub_clz.o(x$fpl$frsb) for __aeabi_frsub
    control.o(.text) refers to faddsub_clz.o(x$fpl$fadd) for __aeabi_fadd
    control.o(.text) refers to frleqf.o(x$fpl$frleqf) for __aeabi_cfrcmple
    control.o(.text) refers to fleqf.o(x$fpl$fleqf) for __aeabi_cfcmple
    control.o(.text) refers to fmul.o(x$fpl$fmul) for __aeabi_fmul
    control.o(.text) refers to faddsub_clz.o(x$fpl$fsub) for __aeabi_fsub
    control.o(.text) refers to ffix.o(x$fpl$ffix) for __aeabi_f2iz
    control.o(.text) refers to moto.o(.text) for Moto_PwmRflash
    control.o(.text) refers to control.o(.data) for rol_i
    control.o(.text) refers to control.o(.bss) for PID_ROL
    rc.o(.text) refers to mpu6050.o(.text) for MPU6050_CalOff_Acc
    rc.o(.text) refers to rc.o(.data) for cnt_arm
    data_transfer.o(.text) refers to nrf24l01.o(.text) for NRF_TxPacket
    data_transfer.o(.text) refers to mpu6050.o(.text) for MPU6050_CalOff_Acc
    data_transfer.o(.text) refers to fflt_clz.o(x$fpl$fflt) for __aeabi_i2f
    data_transfer.o(.text) refers to fdiv.o(x$fpl$fdiv) for __aeabi_fdiv
    data_transfer.o(.text) refers to bsp.o(.text) for EE_SAVE_PID
    data_transfer.o(.text) refers to data_transfer.o(.bss) for data_to_send
    data_transfer.o(.text) refers to data_transfer.o(.data) for Send_PID1
    data_transfer.o(.text) refers to control.o(.bss) for PID_ROL
    data_transfer.o(.text) refers to fmul.o(x$fpl$fmul) for __aeabi_fmul
    data_transfer.o(.text) refers to ffix.o(x$fpl$ffix) for __aeabi_f2iz
    data_transfer.o(.text) refers to imu.o(.data) for AngleOffset_Rol
    data_transfer.o(.text) refers to nrf24l01.o(.bss) for NRF24L01_RXDATA
    data_transfer.o(.text) refers to control.o(.data) for Moto_PWM_1
    data_transfer.o(.text) refers to main.o(.bss) for Rc_D
    data_transfer.o(.text) refers to main.o(.data) for Acc
    data_transfer.o(.text) refers to gmr.o(.data) for mx_data
    bsp.o(.text) refers to misc.o(.text) for NVIC_PriorityGroupConfig
[...]
    __Vectors_Size                           0x000000ec   Number         0  startup_stm32f10x_md.o ABSOLUTE
    __Vectors                                0x08000000   Data           4  startup_stm32f10x_md.o(RESET)
    __Vectors_End                            0x080000ec   Data           0  startup_stm32f10x_md.o(RESET)
    __main                                   0x080000ed   Thumb Code     8  __main.o(!!!main)
    __scatterload                            0x080000f5   Thumb Code     0  __scatter.o(!!!scatter)
    __scatterload_rt2                        0x080000f5   Thumb Code    44  __scatter.o(!!!scatter)
    __scatterload_rt2_thumb_only             0x080000f5   Thumb Code     0  __scatter.o(!!!scatter)
    __scatterload_null                       0x08000103   Thumb Code     0  __scatter.o(!!!scatter)
    __decompress                             0x08000129   Thumb Code    90  __dczerorl2.o(!!dczerorl2)
    __decompress1                            0x08000129   Thumb Code     0  __dczerorl2.o(!!dczerorl2)
    __scatterload_zeroinit                   0x08000185   Thumb Code    28  __scatter_zi.o(!!handler_zi)
    __rt_lib_init                            0x080001a1   Thumb Code     0  libinit.o(.ARM.Collect$$libinit$$00000000)
    __rt_lib_init_alloca_1                   0x080001a3   Thumb Code     0  libinit2.o(.ARM.Collect$$libinit$$0000002C)
    __rt_lib_init_argv_1                     0x080001a3   Thumb Code     0  libinit2.o(.ARM.Collect$$libinit$$0000002A)
    __rt_lib_init_atexit_1                   0x080001a3   Thumb Code     0  libinit2.o(.ARM.Collect$$libinit$$00000019)
    __rt_lib_init_clock_1                    0x080001a3   Thumb Code     0  libinit2.o(.ARM.Collect$$libinit$$0000001F)
    __rt_lib_init_cpp_1                      0x080001a3   Thumb Code     0  libinit2.o(.ARM.Collect$$libinit$$00000030)
    __rt_lib_init_exceptions_1               0x080001a3   Thumb Code     0  libinit2.o(.ARM.Collect$$libinit$$0000002E)
    __rt_lib_init_fp_1                       0x080001a3   Thumb Code     0  libinit2.o(.ARM.Collect$$libinit$$00000002)
    __rt_lib_init_fp_trap_1                  0x080001a3   Thumb Code     0  libinit2.o(.ARM.Collect$$libinit$$0000001D)
    __rt_lib_init_getenv_1                   0x080001a3   Thumb Code     0  libinit2.o(.ARM.Collect$$libinit$$00000021)
    __rt_lib_init_heap_1                     0x080001a3   Thumb Code     0  libinit2.o(.ARM.Collect$$libinit$$00000008)
    __rt_lib_init_lc_collate_1               0x080001a3   Thumb Code     0  libinit2.o(.ARM.Collect$$libinit$$0000000F)
    __rt_lib_init_lc_ctype_1                 0x080001a3   Thumb Code     0  libinit2.o(.ARM.Collect$$libinit$$00000011)
    __rt_lib_init_lc_monetary_1              0x080001a3   Thumb Code     0  libinit2.o(.ARM.Collect$$libinit$$00000013)
    __rt_lib_init_lc_numeric_1               0x080001a3   Thumb Code     0  libinit2.o(.ARM.Collect$$libinit$$00000015)
    __rt_lib_init_lc_time_1                  0x080001a3   Thumb Code     0  libinit2.o(.ARM.Collect$$libinit$$00000017)
    __rt_lib_init_rand_1                     0x080001a3   Thumb Code     0  libinit2.o(.ARM.Collect$$libinit$$0000000C)
    __rt_lib_init_return                     0x080001a3   Thumb Code     0  libinit2.o(.ARM.Collect$$libinit$$00000031)
    __rt_lib_init_signal_1                   0x080001a3   Thumb Code     0  libinit2.o(.ARM.Collect$$libinit$$0000001B)
    __rt_lib_init_stdio_1                    0x080001a3   Thumb Code     0  libinit2.o(.ARM.Collect$$libinit$$00000023)
    __rt_lib_init_user_alloc_1               0x080001a3   Thumb Code     0  libinit2.o(.ARM.Collect$$libinit$$0000000A)
    __rt_lib_shutdown                        0x080001a5   Thumb Code     0  libshutdown.o(.ARM.Collect$$libshutdown$$00000000)
    __rt_lib_shutdown_fp_trap_1              0x080001a7   Thumb Code     0  libshutdown2.o(.ARM.Collect$$libshutdown$$00000006)
    __rt_lib_shutdown_heap_1                 0x080001a7   Thumb Code     0  libshutdown2.o(.ARM.Collect$$libshutdown$$0000000E)
    __rt_lib_shutdown_return                 0x080001a7   Thumb Code     0  libshutdown2.o(.ARM.Collect$$libshutdown$$0000000F)
    __rt_lib_shutdown_signal_1               0x080001a7   Thumb Code     0  libshutdown2.o(.ARM.Collect$$libshutdown$$00000009)
    __rt_lib_shutdown_stdio_1                0x080001a7   Thumb Code     0  libshutdown2.o(.ARM.Collect$$libshutdown$$00000003)
    __rt_lib_shutdown_user_alloc_1           0x080001a7   Thumb Code     0  libshutdown2.o(.ARM.Collect$$libshutdown$$0000000B)
    __rt_entry                               0x080001a9   Thumb Code     0  rtentry.o(.ARM.Collect$$rtentry$$00000000)
    __rt_entry_presh_1                       0x080001a9   Thumb Code     0  rtentry2.o(.ARM.Collect$$rtentry$$00000002)
    __rt_entry_sh                            0x080001a9   Thumb Code     0  rtentry4.o(.ARM.Collect$$rtentry$$00000004)
    __rt_entry_li                            0x080001af   Thumb Code     0  rtentry2.o(.ARM.Collect$$rtentry$$0000000A)
    __rt_entry_postsh_1                      0x080001af   Thumb Code     0  rtentry2.o(.ARM.Collect$$rtentry$$00000009)
    __rt_entry_main                          0x080001b3   Thumb Code     0  rtentry2.o(.ARM.Collect$$rtentry$$0000000D)
    __rt_entry_postli_1                      0x080001b3   Thumb Code     0  rtentry2.o(.ARM.Collect$$rtentry$$0000000C)
    __rt_exit                                0x080001bb   Thumb Code     0  rtexit.o(.ARM.Collect$$rtexit$$00000000)
    __rt_exit_ls                             0x080001bd   Thumb Code     0  rtexit2.o(.ARM.Collect$$rtexit$$00000003)
    __rt_exit_prels_1                        0x080001bd   Thumb Code     0  rtexit2.o(.ARM.Collect$$rtexit$$00000002)
    __rt_exit_exit                           0x080001c1   Thumb Code     0  rtexit2.o(.ARM.Collect$$rtexit$$00000004)
    SYS_INIT                                 0x080001c9   Thumb Code   104  main.o(.text)
    main                                     0x08000231   Thumb Code   434  main.o(.text)
    TIM3_IRQHandler                          0x08000441   Thumb Code    96  stm32f10x_it.o(.text)
    TIM4_IRQHandler                          0x080004a1   Thumb Code     8  stm32f10x_it.o(.text)
    USART1_IRQHandler                        0x080004a9   Thumb Code     8  stm32f10x_it.o(.text)
    I2C2_EV_IRQHandler                       0x080004b1   Thumb Code     8  stm32f10x_it.o(.text)
    I2C2_ER_IRQHandler                       0x080004b9   Thumb Code     8  stm32f10x_it.o(.text)
    NMI_Handler                              0x080004c1   Thumb Code     2  stm32f10x_it.o(.text)
    HardFault_Handler                        0x080004c3   Thumb Code     4  stm32f10x_it.o(.text)
    MemManage_Handler                        0x080004c7   Thumb Code     4  stm32f10x_it.o(.text)
    BusFault_Handler                         0x080004cb   Thumb Code     4  stm32f10x_it.o(.text)
    UsageFault_Handler                       0x080004cf   Thumb Code     4  stm32f10x_it.o(.text)
    SVC_Handler                              0x080004d3   Thumb Code     2  stm32f10x_it.o(.text)
    DebugMon_Handler                         0x080004d5   Thumb Code     2  stm32f10x_it.o(.text)
    PendSV_Handler                           0x080004d7   Thumb Code     2  stm32f10x_it.o(.text)
    SysTick_Handler                          0x080004d9   Thumb Code     2  stm32f10x_it.o(.text)
    Prepare_Data                             0x080004f1   Thumb Code   148  imu.o(.text)
    IMUupdate                                0x08000585   Thumb Code  1574  imu.o(.text)
    Control                                  0x08000bd5   Thumb Code   958  control.o(.text)
    Rc_Fun                                   0x08000fd5   Thumb Code   262  rc.o(.text)
    Data_Send_Check                          0x080010e5   Thumb Code    62  data_transfer.o(.text)
    Data_Receive_Anl                         0x08001123   Thumb Code  1154  data_transfer.o(.text)
    Nrf_Check_Event                          0x080015a5   Thumb Code    88  data_transfer.o(.text)
    Nrf_Get_FIFOSta                          0x080015fd   Thumb Code    10  data_transfer.o(.text)
    Data_Send_MotoPWM                        0x08001607   Thumb Code   308  data_transfer.o(.text)
    Data_Send_OFFSET                         0x0800173b   Thumb Code   170  data_transfer.o(.text)
    Data_Send_RCData                         0x080017e5   Thumb Code   350  data_transfer.o(.text)
    Data_Send_PID6                           0x08001943   Thumb Code   464  data_transfer.o(.text)
    Data_Send_PID5                           0x08001b13   Thumb Code   506  data_transfer.o(.text)
    Data_Send_PID4                           0x08001d0d   Thumb Code   544  data_transfer.o(.text)
    Data_Send_PID3                           0x08001f2d   Thumb Code   506  data_transfer.o(.text)
    Data_Send_PID2                           0x08002127   Thumb Code   544  data_transfer.o(.text)
    Data_Send_PID1                           0x08002347   Thumb Code   506  data_transfer.o(.text)
    Data_Send_Senser                         0x08002541   Thumb Code   374  data_transfer.o(.text)
    Data_Send_Status                         0x080026b7   Thumb Code   322  data_transfer.o(.text)
    Data_Exchange                            0x080027f9   Thumb Code   220  data_transfer.o(.text)
    Nvic_Init                                0x0800291d   Thumb Code    96  bsp.o(.text)
    EE_INIT                                  0x0800297d   Thumb Code     8  bsp.o(.text)
    EE_SAVE_ACC_OFFSET                       0x08002985   Thumb Code    46  bsp.o(.text)
    EE_READ_ACC_OFFSET                       0x080029b3   Thumb Code    38  bsp.o(.text)
    EE_SAVE_GYRO_OFFSET                      0x080029d9   Thumb Code    46  bsp.o(.text)
    EE_READ_GYRO_OFFSET                      0x08002a07   Thumb Code    38  bsp.o(.text)
    EE_SAVE_PID                              0x08002a2d   Thumb Code  1848  bsp.o(.text)
    EE_READ_PID                              0x08003165   Thumb Code  1802  bsp.o(.text)
    Delay_ms_led                             0x08003895   Thumb Code    30  led.o(.text)
    LED_INIT                                 0x080038b3   Thumb Code   130  led.o(.text)
    LED_FLASH                                0x08003935   Thumb Code    36  led.o(.text)
    LED2_FLASH                               0x08003959   Thumb Code    36  led.o(.text)
    LED1_ONOFF                               0x0800397d   Thumb Code   126  led.o(.text)
    InitCurrWrAddress                        0x08003a6d   Thumb Code    92  eeprom.o(.text)
    EE_ReadVariable                          0x08003b77   Thumb Code    88  eeprom.o(.text)
    __EE_Init                                0x08003bcf   Thumb Code   488  eeprom.o(.text)
    EE_Init                                  0x08003db7   Thumb Code    16  eeprom.o(.text)
    EE_WriteVariable                         0x08003ec1   Thumb Code    36  eeprom.o(.text)
    ADC_Configuration                        0x08003ef5   Thumb Code   274  gmr.o(.text)
    EXTI_Configuration                       0x08004007   Thumb Code   150  gmr.o(.text)
    get_GMR_data_before_calibration          0x0800409d   Thumb Code    98  gmr.o(.text)
    calibration_GMR                          0x080040ff   Thumb Code   334  gmr.o(.text)
    get_GMR_data_after_calibration           0x0800424d   Thumb Code   334  gmr.o(.text)
    EXTI15_10_IRQHandler                     0x0800439b   Thumb Code   124  gmr.o(.text)
    Tim3_Init                                0x08004425   Thumb Code    66  tim3.o(.text)
    Tim3_Control                             0x08004467   Thumb Code    28  tim3.o(.text)
    Uart1_Init                               0x08004489   Thumb Code   168  usart.o(.text)
    Uart1_IRQ                                0x08004531   Thumb Code   328  usart.o(.text)
    Uart1_Put_String                         0x0800469b   Thumb Code    46  usart.o(.text)
    Uart1_Put_Buf                            0x080046c9   Thumb Code    62  usart.o(.text)
    Delay_ms_mpu                             0x0800472d   Thumb Code    30  mpu6050.o(.text)
    MPU6050_CalOff_Acc                       0x0800474b   Thumb Code     8  mpu6050.o(.text)
    MPU6050_CalOff_Gyr                       0x08004753   Thumb Code     8  mpu6050.o(.text)
    MPU6050_Dataanl                          0x0800475b   Thumb Code   664  mpu6050.o(.text)
    MPU6050_Read                             0x080049f3   Thumb Code    16  mpu6050.o(.text)
    IICwriteBit                              0x08004a03   Thumb Code    66  mpu6050.o(.text)
    IICwriteBits                             0x08004a45   Thumb Code   102  mpu6050.o(.text)
    MPU6050_setClockSource                   0x08004aab   Thumb Code    20  mpu6050.o(.text)
    MPU6050_setFullScaleGyroRange            0x08004abf   Thumb Code    20  mpu6050.o(.text)
    MPU6050_setFullScaleAccelRange           0x08004ad3   Thumb Code    20  mpu6050.o(.text)
    MPU6050_setSleepEnabled                  0x08004ae7   Thumb Code    18  mpu6050.o(.text)
    MPU6050_setI2CMasterModeEnabled          0x08004af9   Thumb Code    18  mpu6050.o(.text)
    MPU6050_setI2CBypassEnabled              0x08004b0b   Thumb Code    18  mpu6050.o(.text)
    MPU6050_setDLPF                          0x08004b1d   Thumb Code    72  mpu6050.o(.text)
    MPU6050_Init                             0x08004b65   Thumb Code    88  mpu6050.o(.text)
    Moto_PwmRflash                           0x08004bbd   Thumb Code   102  moto.o(.text)
    Tim2_init                                0x08004c23   Thumb Code   124  moto.o(.text)
    Tim1_init                                0x08004c9f   Thumb Code   142  moto.o(.text)
    Moto_Init                                0x08004d2d   Thumb Code    48  moto.o(.text)
    Spi1_Init                                0x08004d65   Thumb Code   188  spi.o(.text)
    Spi_RW                                   0x08004e21   Thumb Code    50  spi.o(.text)
    NRF_Write_Reg                            0x08004e61   Thumb Code    40  nrf24l01.o(.text)
    NRF_Read_Reg                             0x08004e89   Thumb Code    38  nrf24l01.o(.text)
    NRF_Write_Buf                            0x08004eaf   Thumb Code    58  nrf24l01.o(.text)
    NRF_Read_Buf                             0x08004ee9   Thumb Code    60  nrf24l01.o(.text)
    NRF_TxPacket                             0x08004f25   Thumb Code    34  nrf24l01.o(.text)
    NRF_TxPacket_AP                          0x08004f47   Thumb Code    34  nrf24l01.o(.text)
    Nrf24l01_Check                           0x08004f69   Thumb Code    62  nrf24l01.o(.text)
    Nrf24l01_Init                            0x08004fa7   Thumb Code   238  nrf24l01.o(.text)
    Rc_GetValue                              0x080050c9   Thumb Code    26  tim_pwm_in.o(.text)
    Tim_Pwm_In_Init                          0x080050e3   Thumb Code   292  tim_pwm_in.o(.text)
    Tim4_Pwm_In_Irq                          0x08005207   Thumb Code   514  tim_pwm_in.o(.text)
    Reset_Handler                            0x08005439   Thumb Code     8  startup_stm32f10x_md.o(.text)
    ADC1_2_IRQHandler                        0x08005453   Thumb Code     0  startup_stm32f10x_md.o(.text)
    CAN1_RX1_IRQHandler                      0x08005453   Thumb Code     0  startup_stm32f10x_md.o(.text)
    CAN1_SCE_IRQHandler                      0x08005453   Thumb Code     0  startup_stm32f10x_md.o(.text)
    DMA1_Channel1_IRQHandler                 0x08005453   Thumb Code     0  startup_stm32f10x_md.o(.text)
    DMA1_Channel2_IRQHandler                 0x08005453   Thumb Code     0  startup_stm32f10x_md.o(.text)
    DMA1_Channel3_IRQHandler                 0x08005453   Thumb Code     0  startup_stm32f10x_md.o(.text)
    DMA1_Channel4_IRQHandler                 0x08005453   Thumb Code     0  startup_stm32f10x_md.o(.text)
    DMA1_Channel5_IRQHandler                 0x08005453   Thumb Code     0  startup_stm32f10x_md.o(.text)
    DMA1_Channel6_IRQHandler                 0x08005453   Thumb Code     0  startup_stm32f10x_md.o(.text)
    DMA1_Channel7_IRQHandler                 0x08005453   Thumb Code     0  startup_stm32f10x_md.o(.text)
    EXTI0_IRQHandler                         0x08005453   Thumb Code     0  startup_stm32f10x_md.o(.text)
    EXTI1_IRQHandler                         0x08005453   Thumb Code     0  startup_stm32f10x_md.o(.text)
    EXTI2_IRQHandler                         0x08005453   Thumb Code     0  startup_stm32f10x_md.o(.text)
    EXTI3_IRQHandler                         0x08005453   Thumb Code     0  startup_stm32f10x_md.o(.text)
    EXTI4_IRQHandler                         0x08005453   Thumb Code     0  startup_stm32f10x_md.o(.text)
    EXTI9_5_IRQHandler                       0x08005453   Thumb Code     0  startup_stm32f10x_md.o(.text)
    FLASH_IRQHandler                         0x08005453   Thumb Code     0  startup_stm32f10x_md.o(.text)
    I2C1_ER_IRQHandler                       0x08005453   Thumb Code     0  startup_stm32f10x_md.o(.text)
    I2C1_EV_IRQHandler                       0x08005453   Thumb Code     0  startup_stm32f10x_md.o(.text)
    PVD_IRQHandler                           0x08005453   Thumb Code     0  startup_stm32f10x_md.o(.text)
    RCC_IRQHandler                           0x08005453   Thumb Code     0  startup_stm32f10x_md.o(.text)
    RTCAlarm_IRQHandler                      0x08005453   Thumb Code     0  startup_stm32f10x_md.o(.text)
    RTC_IRQHandler                           0x08005453   Thumb Code     0  startup_stm32f10x_md.o(.text)
    SPI1_IRQHandler                          0x08005453   Thumb Code     0  startup_stm32f10x_md.o(.text)
    SPI2_IRQHandler                          0x08005453   Thumb Code     0  startup_stm32f10x_md.o(.text)
    TAMPER_IRQHandler                        0x08005453   Thumb Code     0  startup_stm32f10x_md.o(.text)
    TIM1_BRK_IRQHandler                      0x08005453   Thumb Code     0  startup_stm32f10x_md.o(.text)
    TIM1_CC_IRQHandler                       0x08005453   Thumb Code     0  startup_stm32f10x_md.o(.text)
    TIM1_TRG_COM_IRQHandler                  0x08005453   Thumb Code     0  startup_stm32f10x_md.o(.text)
    TIM1_UP_IRQHandler                       0x08005453   Thumb Code     0  startup_stm32f10x_md.o(.text)
    TIM2_IRQHandler                          0x08005453   Thumb Code     0  startup_stm32f10x_md.o(.text)
    USART2_IRQHandler                        0x08005453   Thumb Code     0  startup_stm32f10x_md.o(.text)
    USART3_IRQHandler                        0x08005453   Thumb Code     0  startup_stm32f10x_md.o(.text)
    USBWakeUp_IRQHandler                     0x08005453   Thumb Code     0  startup_stm32f10x_md.o(.text)
    USB_HP_CAN1_TX_IRQHandler                0x08005453   Thumb Code     0  startup_stm32f10x_md.o(.text)
    USB_LP_CAN1_RX0_IRQHandler               0x08005453   Thumb Code     0  startup_stm32f10x_md.o(.text)
    WWDG_IRQHandler                          0x08005453   Thumb Code     0  startup_stm32f10x_md.o(.text)
    __user_initial_stackheap                 0x08005455   Thumb Code     0  startup_stm32f10x_md.o(.text)
    SystemInit                               0x08005557   Thumb Code    78  system_stm32f10x.o(.text)
    SystemCoreClockUpdate                    0x080055a5   Thumb Code   142  system_stm32f10x.o(.text)
    NVIC_PriorityGroupConfig                 0x08005659   Thumb Code    10  misc.o(.text)
    NVIC_Init                                0x08005663   Thumb Code   100  misc.o(.text)
    NVIC_SetVectorTable                      0x080056c7   Thumb Code    14  misc.o(.text)
    NVIC_SystemLPConfig                      0x080056d5   Thumb Code    34  misc.o(.text)
    SysTick_CLKSourceConfig                  0x080056f7   Thumb Code    40  misc.o(.text)
    GPIO_DeInit                              0x08005735   Thumb Code   172  stm32f10x_gpio.o(.text)
    GPIO_AFIODeInit                          0x080057e1   Thumb Code    20  stm32f10x_gpio.o(.text)
    GPIO_Init                                0x080057f5   Thumb Code   278  stm32f10x_gpio.o(.text)
    GPIO_StructInit                          0x0800590b   Thumb Code    16  stm32f10x_gpio.o(.text)
    GPIO_ReadInputDataBit                    0x0800591b   Thumb Code    18  stm32f10x_gpio.o(.text)
    GPIO_ReadInputData                       0x0800592d   Thumb Code     8  stm32f10x_gpio.o(.text)
    GPIO_ReadOutputDataBit                   0x08005935   Thumb Code    18  stm32f10x_gpio.o(.text)
    GPIO_ReadOutputData                      0x08005947   Thumb Code     8  stm32f10x_gpio.o(.text)
    GPIO_SetBits                             0x0800594f   Thumb Code     4  stm32f10x_gpio.o(.text)
    GPIO_ResetBits                           0x08005953   Thumb Code     4  stm32f10x_gpio.o(.text)
    GPIO_WriteBit                            0x08005957   Thumb Code    10  stm32f10x_gpio.o(.text)
    GPIO_Write                               0x08005961   Thumb Code     4  stm32f10x_gpio.o(.text)
    GPIO_PinLockConfig                       0x08005965   Thumb Code    18  stm32f10x_gpio.o(.text)
    GPIO_EventOutputConfig                   0x08005977   Thumb Code    26  stm32f10x_gpio.o(.text)
    GPIO_EventOutputCmd                      0x08005991   Thumb Code     6  stm32f10x_gpio.o(.text)
    GPIO_PinRemapConfig                      0x08005997   Thumb Code   138  stm32f10x_gpio.o(.text)
    GPIO_EXTILineConfig                      0x08005a21   Thumb Code    66  stm32f10x_gpio.o(.text)
    GPIO_ETH_MediaInterfaceConfig            0x08005a63   Thumb Code     8  stm32f10x_gpio.o(.text)
    TIM_DeInit                               0x08005a91   Thumb Code   424  stm32f10x_tim.o(.text)
    TIM_TimeBaseInit                         0x08005c39   Thumb Code   122  stm32f10x_tim.o(.text)
    TIM_OC1Init                              0x08005cb3   Thumb Code   132  stm32f10x_tim.o(.text)
    TIM_OC2Init                              0x08005d37   Thumb Code   154  stm32f10x_tim.o(.text)
    TIM_OC3Init                              0x08005dd1   Thumb Code   150  stm32f10x_tim.o(.text)
    TIM_OC4Init                              0x08005e67   Thumb Code   182  stm32f10x_tim.o(.text)
    TIM_SetIC4Prescaler                      0x08005f1d   Thumb Code    26  stm32f10x_tim.o(.text)
    TIM_SetIC3Prescaler                      0x08005fb9   Thumb Code    18  stm32f10x_tim.o(.text)
    TIM_SetIC2Prescaler                      0x08006045   Thumb Code    26  stm32f10x_tim.o(.text)
    TIM_SetIC1Prescaler                      0x080060e1   Thumb Code    18  stm32f10x_tim.o(.text)
    TIM_ICInit                               0x0800615f   Thumb Code   150  stm32f10x_tim.o(.text)
    TIM_PWMIConfig                           0x080061f5   Thumb Code   124  stm32f10x_tim.o(.text)
    TIM_BDTRConfig                           0x08006271   Thumb Code    32  stm32f10x_tim.o(.text)
    TIM_TimeBaseStructInit                   0x08006291   Thumb Code    18  stm32f10x_tim.o(.text)
    TIM_OCStructInit                         0x080062a3   Thumb Code    20  stm32f10x_tim.o(.text)
    TIM_ICStructInit                         0x080062b7   Thumb Code    18  stm32f10x_tim.o(.text)
    TIM_BDTRStructInit                       0x080062c9   Thumb Code    40  stm32f10x_tim.o(.text)
    TIM_Cmd                                  0x080062f1   Thumb Code    24  stm32f10x_tim.o(.text)
    TIM_CtrlPWMOutputs                       0x08006309   Thumb Code    30  stm32f10x_tim.o(.text)
    TIM_ITConfig                             0x08006327   Thumb Code    18  stm32f10x_tim.o(.text)
    TIM_GenerateEvent                        0x08006339   Thumb Code     4  stm32f10x_tim.o(.text)
    TIM_DMAConfig                            0x0800633d   Thumb Code    10  stm32f10x_tim.o(.text)
    TIM_DMACmd                               0x08006347   Thumb Code    18  stm32f10x_tim.o(.text)
    TIM_InternalClockConfig                  0x08006359   Thumb Code    12  stm32f10x_tim.o(.text)
    TIM_SelectInputTrigger                   0x08006365   Thumb Code    18  stm32f10x_tim.o(.text)
    TIM_ITRxExternalClockConfig              0x08006377   Thumb Code    24  stm32f10x_tim.o(.text)
    TIM_TIxExternalClockConfig               0x0800638f   Thumb Code    62  stm32f10x_tim.o(.text)
    TIM_ETRConfig                            0x080063cd   Thumb Code    28  stm32f10x_tim.o(.text)
    TIM_ETRClockMode1Config                  0x080063e9   Thumb Code    54  stm32f10x_tim.o(.text)
    TIM_ETRClockMode2Config                  0x0800641f   Thumb Code    32  stm32f10x_tim.o(.text)
    TIM_PrescalerConfig                      0x0800643f   Thumb Code     6  stm32f10x_tim.o(.text)
    TIM_CounterModeConfig                    0x08006445   Thumb Code    18  stm32f10x_tim.o(.text)
    TIM_EncoderInterfaceConfig               0x08006457   Thumb Code    66  stm32f10x_tim.o(.text)
    TIM_ForcedOC1Config                      0x08006499   Thumb Code    18  stm32f10x_tim.o(.text)
    TIM_ForcedOC2Config                      0x080064ab   Thumb Code    26  stm32f10x_tim.o(.text)
    TIM_ForcedOC3Config                      0x080064c5   Thumb Code    18  stm32f10x_tim.o(.text)
    TIM_ForcedOC4Config                      0x080064d7   Thumb Code    26  stm32f10x_tim.o(.text)
    TIM_ARRPreloadConfig                     0x080064f1   Thumb Code    24  stm32f10x_tim.o(.text)
    TIM_SelectCOM                            0x08006509   Thumb Code    24  stm32f10x_tim.o(.text)
    TIM_SelectCCDMA                          0x08006521   Thumb Code    24  stm32f10x_tim.o(.text)
    TIM_CCPreloadControl                     0x08006539   Thumb Code    24  stm32f10x_tim.o(.text)
    TIM_OC1PreloadConfig                     0x08006551   Thumb Code    18  stm32f10x_tim.o(.text)
    TIM_OC2PreloadConfig                     0x08006563   Thumb Code    26  stm32f10x_tim.o(.text)
    TIM_OC3PreloadConfig                     0x0800657d   Thumb Code    18  stm32f10x_tim.o(.text)
    TIM_OC4PreloadConfig                     0x0800658f   Thumb Code    26  stm32f10x_tim.o(.text)
    TIM_OC1FastConfig                        0x080065a9   Thumb Code    18  stm32f10x_tim.o(.text)
    TIM_OC2FastConfig                        0x080065bb   Thumb Code    26  stm32f10x_tim.o(.text)
    TIM_OC3FastConfig                        0x080065d5   Thumb Code    18  stm32f10x_tim.o(.text)
    TIM_OC4FastConfig                        0x080065e7   Thumb Code    26  stm32f10x_tim.o(.text)
    TIM_ClearOC1Ref                          0x08006601   Thumb Code    18  stm32f10x_tim.o(.text)
    TIM_ClearOC2Ref                          0x08006613   Thumb Code    24  stm32f10x_tim.o(.text)
    TIM_ClearOC3Ref                          0x0800662b   Thumb Code    18  stm32f10x_tim.o(.text)
    TIM_ClearOC4Ref                          0x0800663d   Thumb Code    24  stm32f10x_tim.o(.text)
    TIM_OC1PolarityConfig                    0x08006655   Thumb Code    18  stm32f10x_tim.o(.text)
    TIM_OC1NPolarityConfig                   0x08006667   Thumb Code    18  stm32f10x_tim.o(.text)
    TIM_OC2PolarityConfig                    0x08006679   Thumb Code    26  stm32f10x_tim.o(.text)
    TIM_OC2NPolarityConfig                   0x08006693   Thumb Code    26  stm32f10x_tim.o(.text)
    TIM_OC3PolarityConfig                    0x080066ad   Thumb Code    26  stm32f10x_tim.o(.text)
    TIM_OC3NPolarityConfig                   0x080066c7   Thumb Code    26  stm32f10x_tim.o(.text)
    TIM_OC4PolarityConfig                    0x080066e1   Thumb Code    26  stm32f10x_tim.o(.text)
    TIM_CCxCmd                               0x080066fb   Thumb Code    30  stm32f10x_tim.o(.text)
    TIM_CCxNCmd                              0x08006719   Thumb Code    30  stm32f10x_tim.o(.text)
    TIM_SelectOCxM                           0x08006737   Thumb Code    82  stm32f10x_tim.o(.text)
    TIM_UpdateDisableConfig                  0x08006789   Thumb Code    24  stm32f10x_tim.o(.text)
    TIM_UpdateRequestConfig                  0x080067a1   Thumb Code    24  stm32f10x_tim.o(.text)
    TIM_SelectHallSensor                     0x080067b9   Thumb Code    24  stm32f10x_tim.o(.text)
    TIM_SelectOnePulseMode                   0x080067d1   Thumb Code    18  stm32f10x_tim.o(.text)
    TIM_SelectOutputTrigger                  0x080067e3   Thumb Code    18  stm32f10x_tim.o(.text)
    TIM_SelectSlaveMode                      0x080067f5   Thumb Code    18  stm32f10x_tim.o(.text)
    TIM_SelectMasterSlaveMode                0x08006807   Thumb Code    18  stm32f10x_tim.o(.text)
    TIM_SetCounter                           0x08006819   Thumb Code     4  stm32f10x_tim.o(.text)
    TIM_SetAutoreload                        0x0800681d   Thumb Code     4  stm32f10x_tim.o(.text)
    TIM_SetCompare1                          0x08006821   Thumb Code     4  stm32f10x_tim.o(.text)
    TIM_SetCompare2                          0x08006825   Thumb Code     4  stm32f10x_tim.o(.text)
    TIM_SetCompare3                          0x08006829   Thumb Code     4  stm32f10x_tim.o(.text)
    TIM_SetCompare4                          0x0800682d   Thumb Code     6  stm32f10x_tim.o(.text)
    TIM_SetClockDivision                     0x08006833   Thumb Code    18  stm32f10x_tim.o(.text)
    TIM_GetCapture1                          0x08006845   Thumb Code     6  stm32f10x_tim.o(.text)
    TIM_GetCapture2                          0x0800684b   Thumb Code     6  stm32f10x_tim.o(.text)
    TIM_GetCapture3                          0x08006851   Thumb Code     6  stm32f10x_tim.o(.text)
    TIM_GetCapture4                          0x08006857   Thumb Code     8  stm32f10x_tim.o(.text)
    TIM_GetCounter                           0x0800685f   Thumb Code     6  stm32f10x_tim.o(.text)
    TIM_GetPrescaler                         0x08006865   Thumb Code     6  stm32f10x_tim.o(.text)
    TIM_GetFlagStatus                        0x0800686b   Thumb Code    18  stm32f10x_tim.o(.text)
    TIM_ClearFlag                            0x0800687d   Thumb Code     6  stm32f10x_tim.o(.text)
    TIM_GetITStatus                          0x08006883   Thumb Code    34  stm32f10x_tim.o(.text)
    TIM_ClearITPendingBit                    0x080068a5   Thumb Code     6  stm32f10x_tim.o(.text)
    USART_DeInit                             0x080068ad   Thumb Code   134  stm32f10x_usart.o(.text)
    USART_Init                               0x08006933   Thumb Code   210  stm32f10x_usart.o(.text)
    USART_StructInit                         0x08006a05   Thumb Code    24  stm32f10x_usart.o(.text)
    USART_ClockInit                          0x08006a1d   Thumb Code    34  stm32f10x_usart.o(.text)
    USART_ClockStructInit                    0x08006a3f   Thumb Code    12  stm32f10x_usart.o(.text)
    USART_Cmd                                0x08006a4b   Thumb Code    24  stm32f10x_usart.o(.text)
    USART_ITConfig                           0x08006a63   Thumb Code    74  stm32f10x_usart.o(.text)
    USART_DMACmd                             0x08006aad   Thumb Code    18  stm32f10x_usart.o(.text)
    USART_SetAddress                         0x08006abf   Thumb Code    18  stm32f10x_usart.o(.text)
    USART_WakeUpConfig                       0x08006ad1   Thumb Code    18  stm32f10x_usart.o(.text)
    USART_ReceiverWakeUpCmd                  0x08006ae3   Thumb Code    24  stm32f10x_usart.o(.text)
    USART_LINBreakDetectLengthConfig         0x08006afb   Thumb Code    18  stm32f10x_usart.o(.text)
    USART_LINCmd                             0x08006b0d   Thumb Code    24  stm32f10x_usart.o(.text)
    USART_SendData                           0x08006b25   Thumb Code     8  stm32f10x_usart.o(.text)
    USART_ReceiveData                        0x08006b2d   Thumb Code    10  stm32f10x_usart.o(.text)
    USART_SendBreak                          0x08006b37   Thumb Code    10  stm32f10x_usart.o(.text)
    USART_SetGuardTime                       0x08006b41   Thumb Code    16  stm32f10x_usart.o(.text)
    USART_SetPrescaler                       0x08006b51   Thumb Code    16  stm32f10x_usart.o(.text)
    USART_SmartCardCmd                       0x08006b61   Thumb Code    24  stm32f10x_usart.o(.text)
    USART_SmartCardNACKCmd                   0x08006b79   Thumb Code    24  stm32f10x_usart.o(.text)
    USART_HalfDuplexCmd                      0x08006b91   Thumb Code    24  stm32f10x_usart.o(.text)
    USART_OverSampling8Cmd                   0x08006ba9   Thumb Code    22  stm32f10x_usart.o(.text)
    USART_OneBitMethodCmd                    0x08006bbf   Thumb Code    24  stm32f10x_usart.o(.text)
    USART_IrDAConfig                         0x08006bd7   Thumb Code    18  stm32f10x_usart.o(.text)
    USART_IrDACmd                            0x08006be9   Thumb Code    24  stm32f10x_usart.o(.text)
    USART_GetFlagStatus                      0x08006c01   Thumb Code    26  stm32f10x_usart.o(.text)
    USART_ClearFlag                          0x08006c1b   Thumb Code    18  stm32f10x_usart.o(.text)
    USART_GetITStatus                        0x08006c2d   Thumb Code    84  stm32f10x_usart.o(.text)
    USART_ClearITPendingBit                  0x08006c81   Thumb Code    52  stm32f10x_usart.o(.text)
    RCC_DeInit                               0x08006cb5   Thumb Code    64  stm32f10x_rcc.o(.text)
    RCC_HSEConfig                            0x08006cf5   Thumb Code    70  stm32f10x_rcc.o(.text)
    RCC_GetFlagStatus                        0x08006d3b   Thumb Code    56  stm32f10x_rcc.o(.text)
    RCC_WaitForHSEStartUp                    0x08006d73   Thumb Code    56  stm32f10x_rcc.o(.text)
    RCC_AdjustHSICalibrationValue            0x08006dab   Thumb Code    20  stm32f10x_rcc.o(.text)
    RCC_HSICmd                               0x08006dbf   Thumb Code     6  stm32f10x_rcc.o(.text)
    RCC_PLLConfig                            0x08006dc5   Thumb Code    24  stm32f10x_rcc.o(.text)
    RCC_PLLCmd                               0x08006ddd   Thumb Code     6  stm32f10x_rcc.o(.text)
    RCC_SYSCLKConfig                         0x08006de3   Thumb Code    18  stm32f10x_rcc.o(.text)
    RCC_GetSYSCLKSource                      0x08006df5   Thumb Code    10  stm32f10x_rcc.o(.text)
    RCC_HCLKConfig                           0x08006dff   Thumb Code    18  stm32f10x_rcc.o(.text)
    RCC_PCLK1Config                          0x08006e11   Thumb Code    18  stm32f10x_rcc.o(.text)
    RCC_PCLK2Config                          0x08006e23   Thumb Code    20  stm32f10x_rcc.o(.text)
    RCC_ITConfig                             0x08006e37   Thumb Code    26  stm32f10x_rcc.o(.text)
    RCC_USBCLKConfig                         0x08006e51   Thumb Code     8  stm32f10x_rcc.o(.text)
    RCC_ADCCLKConfig                         0x08006e59   Thumb Code    18  stm32f10x_rcc.o(.text)
    RCC_LSEConfig                            0x08006e6b   Thumb Code    50  stm32f10x_rcc.o(.text)
    RCC_LSICmd                               0x08006e9d   Thumb Code     6  stm32f10x_rcc.o(.text)
    RCC_RTCCLKConfig                         0x08006ea3   Thumb Code    12  stm32f10x_rcc.o(.text)
    RCC_RTCCLKCmd                            0x08006eaf   Thumb Code     8  stm32f10x_rcc.o(.text)
    RCC_GetClocksFreq                        0x08006eb7   Thumb Code   192  stm32f10x_rcc.o(.text)
    RCC_AHBPeriphClockCmd                    0x08006f77   Thumb Code    26  stm32f10x_rcc.o(.text)
    RCC_APB2PeriphClockCmd                   0x08006f91   Thumb Code    26  stm32f10x_rcc.o(.text)
    RCC_APB1PeriphClockCmd                   0x08006fab   Thumb Code    26  stm32f10x_rcc.o(.text)
    RCC_APB2PeriphResetCmd                   0x08006fc5   Thumb Code    26  stm32f10x_rcc.o(.text)
    RCC_APB1PeriphResetCmd                   0x08006fdf   Thumb Code    26  stm32f10x_rcc.o(.text)
    RCC_BackupResetCmd                       0x08006ff9   Thumb Code     8  stm32f10x_rcc.o(.text)
    RCC_ClockSecuritySystemCmd               0x08007001   Thumb Code     6  stm32f10x_rcc.o(.text)
    RCC_MCOConfig                            0x08007007   Thumb Code     6  stm32f10x_rcc.o(.text)
    RCC_ClearFlag                            0x0800700d   Thumb Code    14  stm32f10x_rcc.o(.text)
    RCC_GetITStatus                          0x0800701b   Thumb Code    20  stm32f10x_rcc.o(.text)
    RCC_ClearITPendingBit                    0x0800702f   Thumb Code     6  stm32f10x_rcc.o(.text)
    SPI_I2S_DeInit                           0x08007059   Thumb Code    76  stm32f10x_spi.o(.text)
    SPI_Init                                 0x080070a5   Thumb Code    60  stm32f10x_spi.o(.text)
    I2S_Init                                 0x080070e1   Thumb Code   226  stm32f10x_spi.o(.text)
    SPI_StructInit                           0x080071c3   Thumb Code    24  stm32f10x_spi.o(.text)
    I2S_StructInit                           0x080071db   Thumb Code    20  stm32f10x_spi.o(.text)
    SPI_Cmd                                  0x080071ef   Thumb Code    24  stm32f10x_spi.o(.text)
    I2S_Cmd                                  0x08007207   Thumb Code    24  stm32f10x_spi.o(.text)
    SPI_I2S_ITConfig                         0x0800721f   Thumb Code    32  stm32f10x_spi.o(.text)
    SPI_I2S_DMACmd                           0x0800723f   Thumb Code    18  stm32f10x_spi.o(.text)
    SPI_I2S_SendData                         0x08007251   Thumb Code     4  stm32f10x_spi.o(.text)
    SPI_I2S_ReceiveData                      0x08007255   Thumb Code     6  stm32f10x_spi.o(.text)
    SPI_NSSInternalSoftwareConfig            0x0800725b   Thumb Code    30  stm32f10x_spi.o(.text)
    SPI_SSOutputCmd                          0x08007279   Thumb Code    24  stm32f10x_spi.o(.text)
    SPI_DataSizeConfig                       0x08007291   Thumb Code    18  stm32f10x_spi.o(.text)
    SPI_TransmitCRC                          0x080072a3   Thumb Code    10  stm32f10x_spi.o(.text)
    SPI_CalculateCRC                         0x080072ad   Thumb Code    24  stm32f10x_spi.o(.text)
    SPI_GetCRC                               0x080072c5   Thumb Code    16  stm32f10x_spi.o(.text)
    SPI_GetCRCPolynomial                     0x080072d5   Thumb Code     6  stm32f10x_spi.o(.text)
    SPI_BiDirectionalLineConfig              0x080072db   Thumb Code    28  stm32f10x_spi.o(.text)
    SPI_I2S_GetFlagStatus                    0x080072f7   Thumb Code    18  stm32f10x_spi.o(.text)
    SPI_I2S_ClearFlag                        0x08007309   Thumb Code     6  stm32f10x_spi.o(.text)
    SPI_I2S_GetITStatus                      0x0800730f   Thumb Code    52  stm32f10x_spi.o(.text)
    SPI_I2S_ClearITPendingBit                0x08007343   Thumb Code    20  stm32f10x_spi.o(.text)
    I2C_DeInit                               0x08007365   Thumb Code    50  stm32f10x_i2c.o(.text)
    I2C_Init                                 0x08007397   Thumb Code   222  stm32f10x_i2c.o(.text)
    I2C_StructInit                           0x08007475   Thumb Code    30  stm32f10x_i2c.o(.text)
    I2C_Cmd                                  0x08007493   Thumb Code    24  stm32f10x_i2c.o(.text)
    I2C_DMACmd                               0x080074ab   Thumb Code    24  stm32f10x_i2c.o(.text)
    I2C_DMALastTransferCmd                   0x080074c3   Thumb Code    24  stm32f10x_i2c.o(.text)
    I2C_GenerateSTART                        0x080074db   Thumb Code    24  stm32f10x_i2c.o(.text)
    I2C_GenerateSTOP                         0x080074f3   Thumb Code    24  stm32f10x_i2c.o(.text)
    I2C_AcknowledgeConfig                    0x0800750b   Thumb Code    24  stm32f10x_i2c.o(.text)
    I2C_OwnAddress2Config                    0x08007523   Thumb Code    22  stm32f10x_i2c.o(.text)
    I2C_DualAddressCmd                       0x08007539   Thumb Code    24  stm32f10x_i2c.o(.text)
    I2C_GeneralCallCmd                       0x08007551   Thumb Code    24  stm32f10x_i2c.o(.text)
    I2C_ITConfig                             0x08007569   Thumb Code    18  stm32f10x_i2c.o(.text)
    I2C_SendData                             0x0800757b   Thumb Code     4  stm32f10x_i2c.o(.text)
    I2C_ReceiveData                          0x0800757f   Thumb Code     8  stm32f10x_i2c.o(.text)
    I2C_Send7bitAddress                      0x08007587   Thumb Code    18  stm32f10x_i2c.o(.text)
    I2C_ReadRegister                         0x08007599   Thumb Code    22  stm32f10x_i2c.o(.text)
    I2C_SoftwareResetCmd                     0x080075af   Thumb Code    22  stm32f10x_i2c.o(.text)
    I2C_NACKPositionConfig                   0x080075c5   Thumb Code    28  stm32f10x_i2c.o(.text)
    I2C_SMBusAlertConfig                     0x080075e1   Thumb Code    28  stm32f10x_i2c.o(.text)
    I2C_TransmitPEC                          0x080075fd   Thumb Code    24  stm32f10x_i2c.o(.text)
    I2C_PECPositionConfig                    0x08007615   Thumb Code    28  stm32f10x_i2c.o(.text)
    I2C_CalculatePEC                         0x08007631   Thumb Code    24  stm32f10x_i2c.o(.text)
    I2C_GetPEC                               0x08007649   Thumb Code     8  stm32f10x_i2c.o(.text)
    I2C_ARPCmd                               0x08007651   Thumb Code    24  stm32f10x_i2c.o(.text)
    I2C_StretchClockCmd                      0x08007669   Thumb Code    24  stm32f10x_i2c.o(.text)
    I2C_FastModeDutyCycleConfig              0x08007681   Thumb Code    28  stm32f10x_i2c.o(.text)
    I2C_CheckEvent                           0x0800769d   Thumb Code    42  stm32f10x_i2c.o(.text)
    I2C_GetLastEvent                         0x080076c7   Thumb Code    26  stm32f10x_i2c.o(.text)
    I2C_GetFlagStatus                        0x080076e1   Thumb Code    58  stm32f10x_i2c.o(.text)
    I2C_ClearFlag                            0x0800771b   Thumb Code    12  stm32f10x_i2c.o(.text)
    I2C_GetITStatus                          0x08007727   Thumb Code    54  stm32f10x_i2c.o(.text)
    I2C_ClearITPendingBit                    0x0800775d   Thumb Code    12  stm32f10x_i2c.o(.text)
    FLASH_SetLatency                         0x08007769   Thumb Code    18  stm32f10x_flash.o(.text)
    FLASH_HalfCycleAccessCmd                 0x0800777b   Thumb Code    22  stm32f10x_flash.o(.text)
    FLASH_PrefetchBufferCmd                  0x08007791   Thumb Code    22  stm32f10x_flash.o(.text)
    FLASH_Unlock                             0x080077a7   Thumb Code    12  stm32f10x_flash.o(.text)
    FLASH_UnlockBank1                        0x080077b3   Thumb Code    12  stm32f10x_flash.o(.text)
    FLASH_Lock                               0x080077bf   Thumb Code    14  stm32f10x_flash.o(.text)
    FLASH_LockBank1                          0x080077cd   Thumb Code    14  stm32f10x_flash.o(.text)
    FLASH_GetBank1Status                     0x080077db   Thumb Code    48  stm32f10x_flash.o(.text)
    FLASH_WaitForLastOperation               0x0800780b   Thumb Code    38  stm32f10x_flash.o(.text)
    FLASH_ErasePage                          0x08007831   Thumb Code    72  stm32f10x_flash.o(.text)
    FLASH_EraseAllPages                      0x08007879   Thumb Code    68  stm32f10x_flash.o(.text)
    FLASH_WaitForLastBank1Operation          0x080078bd   Thumb Code    38  stm32f10x_flash.o(.text)
    FLASH_EraseAllBank1Pages                 0x080078e3   Thumb Code    68  stm32f10x_flash.o(.text)
    FLASH_GetReadOutProtectionStatus         0x08007927   Thumb Code    20  stm32f10x_flash.o(.text)
    FLASH_EraseOptionBytes                   0x0800793b   Thumb Code   150  stm32f10x_flash.o(.text)
    FLASH_ProgramWord                        0x080079d1   Thumb Code   102  stm32f10x_flash.o(.text)
    FLASH_ProgramHalfWord                    0x08007a37   Thumb Code    60  stm32f10x_flash.o(.text)
    FLASH_ProgramOptionByteData              0x08007a73   Thumb Code    72  stm32f10x_flash.o(.text)
    FLASH_EnableWriteProtection              0x08007abb   Thumb Code   200  stm32f10x_flash.o(.text)
    FLASH_ReadOutProtection                  0x08007b83   Thumb Code   156  stm32f10x_flash.o(.text)
    FLASH_UserOptionByteConfig               0x08007c1f   Thumb Code    88  stm32f10x_flash.o(.text)
    FLASH_GetUserOptionByte                  0x08007c77   Thumb Code     8  stm32f10x_flash.o(.text)
    FLASH_GetWriteProtectionOptionByte       0x08007c7f   Thumb Code     6  stm32f10x_flash.o(.text)
    FLASH_GetPrefetchBufferStatus            0x08007c85   Thumb Code    20  stm32f10x_flash.o(.text)
    FLASH_ITConfig                           0x08007c99   Thumb Code    26  stm32f10x_flash.o(.text)
    FLASH_GetFlagStatus                      0x08007cb3   Thumb Code    42  stm32f10x_flash.o(.text)
    FLASH_ClearFlag                          0x08007cdd   Thumb Code     6  stm32f10x_flash.o(.text)
    FLASH_GetStatus                          0x08007ce3   Thumb Code    48  stm32f10x_flash.o(.text)
    ADC_DeInit                               0x08007d25   Thumb Code    78  stm32f10x_adc.o(.text)
    ADC_Init                                 0x08007d73   Thumb Code    70  stm32f10x_adc.o(.text)
    ADC_StructInit                           0x08007db9   Thumb Code    18  stm32f10x_adc.o(.text)
    ADC_Cmd                                  0x08007dcb   Thumb Code    22  stm32f10x_adc.o(.text)
    ADC_DMACmd                               0x08007de1   Thumb Code    22  stm32f10x_adc.o(.text)
    ADC_ITConfig                             0x08007df7   Thumb Code    24  stm32f10x_adc.o(.text)
    ADC_ResetCalibration                     0x08007e0f   Thumb Code    10  stm32f10x_adc.o(.text)
    ADC_GetResetCalibrationStatus            0x08007e19   Thumb Code    20  stm32f10x_adc.o(.text)
    ADC_StartCalibration                     0x08007e2d   Thumb Code    10  stm32f10x_adc.o(.text)
    ADC_GetCalibrationStatus                 0x08007e37   Thumb Code    20  stm32f10x_adc.o(.text)
    ADC_SoftwareStartConvCmd                 0x08007e4b   Thumb Code    22  stm32f10x_adc.o(.text)
    ADC_GetSoftwareStartConvStatus           0x08007e61   Thumb Code    20  stm32f10x_adc.o(.text)
    ADC_DiscModeChannelCountConfig           0x08007e75   Thumb Code    24  stm32f10x_adc.o(.text)
    ADC_DiscModeCmd                          0x08007e8d   Thumb Code    22  stm32f10x_adc.o(.text)
    ADC_RegularChannelConfig                 0x08007ea3   Thumb Code   184  stm32f10x_adc.o(.text)
    ADC_ExternalTrigConvCmd                  0x08007f5b   Thumb Code    22  stm32f10x_adc.o(.text)
    ADC_GetConversionValue                   0x08007f71   Thumb Code     8  stm32f10x_adc.o(.text)
    ADC_GetDualModeConversionValue           0x08007f79   Thumb Code     8  stm32f10x_adc.o(.text)
    ADC_AutoInjectedConvCmd                  0x08007f81   Thumb Code    22  stm32f10x_adc.o(.text)
    ADC_InjectedDiscModeCmd                  0x08007f97   Thumb Code    22  stm32f10x_adc.o(.text)
    ADC_ExternalTrigInjectedConvConfig       0x08007fad   Thumb Code    16  stm32f10x_adc.o(.text)
    ADC_ExternalTrigInjectedConvCmd          0x08007fbd   Thumb Code    22  stm32f10x_adc.o(.text)
    ADC_SoftwareStartInjectedConvCmd         0x08007fd3   Thumb Code    22  stm32f10x_adc.o(.text)
    ADC_GetSoftwareStartInjectedConvCmdStatus 0x08007fe9   Thumb Code    20  stm32f10x_adc.o(.text)
    ADC_InjectedChannelConfig                0x08007ffd   Thumb Code   130  stm32f10x_adc.o(.text)
    ADC_InjectedSequencerLengthConfig        0x0800807f   Thumb Code    24  stm32f10x_adc.o(.text)
    ADC_SetInjectedOffset                    0x08008097   Thumb Code    20  stm32f10x_adc.o(.text)
    ADC_GetInjectedConversionValue           0x080080ab   Thumb Code    28  stm32f10x_adc.o(.text)
    ADC_AnalogWatchdogCmd                    0x080080c7   Thumb Code    16  stm32f10x_adc.o(.text)
    ADC_AnalogWatchdogThresholdsConfig       0x080080d7   Thumb Code     6  stm32f10x_adc.o(.text)
    ADC_AnalogWatchdogSingleChannelConfig    0x080080dd   Thumb Code    16  stm32f10x_adc.o(.text)
    ADC_TempSensorVrefintCmd                 0x080080ed   Thumb Code    64  stm32f10x_adc.o(.text)
    ADC_GetFlagStatus                        0x0800812d   Thumb Code    18  stm32f10x_adc.o(.text)
    ADC_ClearFlag                            0x0800813f   Thumb Code     6  stm32f10x_adc.o(.text)
    ADC_GetITStatus                          0x08008145   Thumb Code    36  stm32f10x_adc.o(.text)
    ADC_ClearITPendingBit                    0x08008169   Thumb Code    10  stm32f10x_adc.o(.text)
    DMA_DeInit                               0x08008175   Thumb Code   324  stm32f10x_dma.o(.text)
    DMA_Init                                 0x080082b9   Thumb Code    60  stm32f10x_dma.o(.text)
    DMA_StructInit                           0x080082f5   Thumb Code    26  stm32f10x_dma.o(.text)
    DMA_Cmd                                  0x0800830f   Thumb Code    24  stm32f10x_dma.o(.text)
    DMA_ITConfig                             0x08008327   Thumb Code    18  stm32f10x_dma.o(.text)
    DMA_SetCurrDataCounter                   0x08008339   Thumb Code     4  stm32f10x_dma.o(.text)
    DMA_GetCurrDataCounter                   0x0800833d   Thumb Code     8  stm32f10x_dma.o(.text)
    DMA_GetFlagStatus                        0x08008345   Thumb Code    40  stm32f10x_dma.o(.text)
    DMA_ClearFlag                            0x0800836d   Thumb Code    22  stm32f10x_dma.o(.text)
    DMA_GetITStatus                          0x08008383   Thumb Code    40  stm32f10x_dma.o(.text)
    DMA_ClearITPendingBit                    0x080083ab   Thumb Code    22  stm32f10x_dma.o(.text)
    EXTI_DeInit                              0x080083c9   Thumb Code    28  stm32f10x_exti.o(.text)
    EXTI_Init                                0x080083e5   Thumb Code   142  stm32f10x_exti.o(.text)
    EXTI_StructInit                          0x08008473   Thumb Code    16  stm32f10x_exti.o(.text)
    EXTI_GenerateSWInterrupt                 0x08008483   Thumb Code    16  stm32f10x_exti.o(.text)
    EXTI_GetFlagStatus                       0x08008493   Thumb Code    22  stm32f10x_exti.o(.text)
    EXTI_ClearFlag                           0x080084a9   Thumb Code     8  stm32f10x_exti.o(.text)
    EXTI_GetITStatus                         0x080084b1   Thumb Code    34  stm32f10x_exti.o(.text)
    EXTI_ClearITPendingBit                   0x080084d3   Thumb Code     8  stm32f10x_exti.o(.text)
    DELAY_MS_I2C2                            0x080084e5   Thumb Code    30  ano_tc_stm32f1_i2c.o(.text)
    ANO_TC_I2C2_RESET                        0x08008503   Thumb Code   284  ano_tc_stm32f1_i2c.o(.text)
    ANO_TC_I2C2_INIT                         0x0800861f   Thumb Code   204  ano_tc_stm32f1_i2c.o(.text)
    I2C2_PullDownSCL                         0x080086eb   Thumb Code    28  ano_tc_stm32f1_i2c.o(.text)
    I2C2_ReleaseSCL                          0x08008707   Thumb Code    18  ano_tc_stm32f1_i2c.o(.text)
    ANO_TC_I2C2_Read_Int                     0x08008719   Thumb Code   126  ano_tc_stm32f1_i2c.o(.text)
    ANO_TC_I2C2_Read_Buf                     0x08008797   Thumb Code   136  ano_tc_stm32f1_i2c.o(.text)
    ANO_TC_I2C2_Write_Int                    0x0800881f   Thumb Code   122  ano_tc_stm32f1_i2c.o(.text)
    ANO_TC_I2C2_Write_Buf                    0x08008899   Thumb Code   176  ano_tc_stm32f1_i2c.o(.text)
    ANO_TC_I2C2_EV_IRQ                       0x08008949   Thumb Code   920  ano_tc_stm32f1_i2c.o(.text)
    ANO_TC_I2C2_ER_IRQ                       0x08008ce1   Thumb Code    32  ano_tc_stm32f1_i2c.o(.text)
    __use_two_region_memory                  0x08008d31   Thumb Code     2  heapauxi.o(.text)
    __rt_heap_escrow$2region                 0x08008d33   Thumb Code     2  heapauxi.o(.text)
    __rt_heap_expand$2region                 0x08008d35   Thumb Code     2  heapauxi.o(.text)
    __read_errno                             0x08008d37   Thumb Code    10  _rserrno.o(.text)
    __set_errno                              0x08008d41   Thumb Code    12  _rserrno.o(.text)
    __aeabi_errno_addr                       0x08008d4d   Thumb Code     8  rt_errno_addr_intlibspace.o(.text)
    __errno$intlibspace                      0x08008d4d   Thumb Code     0  rt_errno_addr_intlibspace.o(.text)
    __rt_errno_addr$intlibspace              0x08008d4d   Thumb Code     0  rt_errno_addr_intlibspace.o(.text)
    __user_libspace                          0x08008d55   Thumb Code     8  libspace.o(.text)
    __user_perproc_libspace                  0x08008d55   Thumb Code     0  libspace.o(.text)
    __user_perthread_libspace                0x08008d55   Thumb Code     0  libspace.o(.text)
    __user_setup_stackheap                   0x08008d5d   Thumb Code    74  sys_stackheap_outer.o(.text)
    exit                                     0x08008da7   Thumb Code    12  exit.o(.text)
    _sys_exit                                0x08008db5   Thumb Code     8  sys_exit.o(.text)
    __I$use$semihosting                      0x08008dc1   Thumb Code     0  use_no_semi.o(.text)
    __use_no_semihosting_swi                 0x08008dc1   Thumb Code     2  use_no_semi.o(.text)
    __ARM_fpclassify                         0x08008dc3   Thumb Code    40  fpclassify.o(i.__ARM_fpclassify)
    __semihosting_library_function           0x08008dc3   Thumb Code     0  indicate_semi.o(.text)
    __kernel_poly                            0x08008deb   Thumb Code   170  poly.o(i.__kernel_poly)
    __mathlib_dbl_underflow                  0x08008e95   Thumb Code    10  dunder.o(i.__mathlib_dbl_underflow)
    asin                                     0x08008ea5   Thumb Code   584  asin.o(i.asin)
    atan                                     0x08009121   Thumb Code   478  atan.o(i.atan)
    atan2                                    0x08009345   Thumb Code   346  atan2.o(i.atan2)
    sqrt                                     0x080094c5   Thumb Code    76  sqrt.o(i.sqrt)
    __aeabi_d2f                              0x08009511   Thumb Code     0  d2f.o(x$fpl$d2f)
    _d2f                                     0x08009511   Thumb Code    98  d2f.o(x$fpl$d2f)
    __aeabi_dadd                             0x08009575   Thumb Code     0  daddsub_clz.o(x$fpl$dadd)
    _dadd                                    0x08009575   Thumb Code   332  daddsub_clz.o(x$fpl$dadd)
    __fpl_dcheck_NaN1                        0x080096c5   Thumb Code    10  dcheck1.o(x$fpl$dcheck1)
    __aeabi_ddiv                             0x080096d5   Thumb Code     0  ddiv.o(x$fpl$ddiv)
    _ddiv                                    0x080096d5   Thumb Code   552  ddiv.o(x$fpl$ddiv)
    __aeabi_dmul                             0x08009985   Thumb Code     0  dmul.o(x$fpl$dmul)
    _dmul                                    0x08009985   Thumb Code   332  dmul.o(x$fpl$dmul)
    __fpl_dnaninf                            0x08009ad9   Thumb Code   156  dnaninf.o(x$fpl$dnaninf)
    __fpl_dretinf                            0x08009b75   Thumb Code    12  dretinf.o(x$fpl$dretinf)
    __aeabi_drsub                            0x08009b81   Thumb Code     0  daddsub_clz.o(x$fpl$drsb)
    _drsb                                    0x08009b81   Thumb Code    22  daddsub_clz.o(x$fpl$drsb)
    _dsqrt                                   0x08009b99   Thumb Code   456  dsqrt_noumaal.o(x$fpl$dsqrt)
    __aeabi_dsub                             0x08009d65   Thumb Code     0  daddsub_clz.o(x$fpl$dsub)
    _dsub                                    0x08009d65   Thumb Code   464  daddsub_clz.o(x$fpl$dsub)
    __aeabi_f2d                              0x08009f39   Thumb Code     0  f2d.o(x$fpl$f2d)
    _f2d                                     0x08009f39   Thumb Code    86  f2d.o(x$fpl$f2d)
    __aeabi_fadd                             0x08009f91   Thumb Code     0  faddsub_clz.o(x$fpl$fadd)
    _fadd                                    0x08009f91   Thumb Code   196  faddsub_clz.o(x$fpl$fadd)
    __fpl_fcmp_Inf                           0x0800a055   Thumb Code    24  fcmpi.o(x$fpl$fcmpinf)
    __aeabi_fdiv                             0x0800a06d   Thumb Code     0  fdiv.o(x$fpl$fdiv)
    _fdiv                                    0x0800a06d   Thumb Code   384  fdiv.o(x$fpl$fdiv)
    __aeabi_cfcmpeq                          0x0800a1f1   Thumb Code     0  feqf.o(x$fpl$feqf)
    _fcmpeq                                  0x0800a1f1   Thumb Code   104  feqf.o(x$fpl$feqf)
    __aeabi_f2iz                             0x0800a259   Thumb Code     0  ffix.o(x$fpl$ffix)
    _ffix                                    0x0800a259   Thumb Code    54  ffix.o(x$fpl$ffix)
    __aeabi_f2uiz                            0x0800a291   Thumb Code     0  ffixu.o(x$fpl$ffixu)
    _ffixu                                   0x0800a291   Thumb Code    62  ffixu.o(x$fpl$ffixu)
    __aeabi_i2f                              0x0800a2d1   Thumb Code     0  fflt_clz.o(x$fpl$fflt)
    _fflt                                    0x0800a2d1   Thumb Code    48  fflt_clz.o(x$fpl$fflt)
    __aeabi_ui2f                             0x0800a301   Thumb Code     0  fflt_clz.o(x$fpl$ffltu)
    _ffltu                                   0x0800a301   Thumb Code    38  fflt_clz.o(x$fpl$ffltu)
    __aeabi_cfcmple                          0x0800a329   Thumb Code     0  fleqf.o(x$fpl$fleqf)
    _fcmple                                  0x0800a329   Thumb Code   104  fleqf.o(x$fpl$fleqf)
    __fpl_fcmple_InfNaN                      0x0800a37b   Thumb Code     0  fleqf.o(x$fpl$fleqf)
    __aeabi_fmul                             0x0800a391   Thumb Code     0  fmul.o(x$fpl$fmul)
    _fmul                                    0x0800a391   Thumb Code   258  fmul.o(x$fpl$fmul)
    __fpl_fnaninf                            0x0800a493   Thumb Code   140  fnaninf.o(x$fpl$fnaninf)
    __fpl_fretinf                            0x0800a51f   Thumb Code    10  fretinf.o(x$fpl$fretinf)
    __aeabi_cfrcmple                         0x0800a529   Thumb Code     0  frleqf.o(x$fpl$frleqf)
    _frcmple                                 0x0800a529   Thumb Code    98  frleqf.o(x$fpl$frleqf)
    __aeabi_frsub                            0x0800a58b   Thumb Code     0  faddsub_clz.o(x$fpl$frsb)
    _frsb                                    0x0800a58b   Thumb Code    20  faddsub_clz.o(x$fpl$frsb)
    __aeabi_fsub                             0x0800a5a1   Thumb Code     0  faddsub_clz.o(x$fpl$fsub)
    _fsub                                    0x0800a5a1   Thumb Code   234  faddsub_clz.o(x$fpl$fsub)
    __fpl_return_NaN                         0x0800a68b   Thumb Code   100  retnan.o(x$fpl$retnan)
    __ARM_scalbn                             0x0800a6ef   Thumb Code    92  scalbn.o(x$fpl$scalbn)
    __fpl_cmpreturn                          0x0800a74b   Thumb Code    48  trapv.o(x$fpl$trapveneer)
    __I$use$fp                               0x0800a77a   Number         0  usenofp.o(x$fpl$usenofp)
    __mathlib_zero                           0x0800a868   Data           8  qnan.o(.constdata)
    Region$$Table$$Base                      0x0800a870   Number         0  anon$$obj.o(Region$$Table)
    Region$$Table$$Limit                     0x0800a890   Number         0  anon$$obj.o(Region$$Table)
    SYS_INIT_OK                              0x20000000   Data           1  main.o(.data)
    GMR_flag                                 0x20000001   Data           1  main.o(.data)
    FLAG_ATT                                 0x20000002   Data           1  main.o(.data)
    Acc                                      0x20000004   Data           6  main.o(.data)
    Gyr                                      0x2000000a   Data           6  main.o(.data)
    Acc_AVG                                  0x20000010   Data           6  main.o(.data)
    Alt                                      0x20000018   Data           4  main.o(.data)
    Rc_C                                     0x2000001c   Data           1  main.o(.data)
    Debug_cnt                                0x2000003c   Data           4  stm32f10x_it.o(.data)
    AngleOffset_Rol                          0x20000044   Data           4  imu.o(.data)
    AngleOffset_Pit                          0x20000048   Data           4  imu.o(.data)
    q0                                       0x2000004c   Data           4  imu.o(.data)
    q1                                       0x20000050   Data           4  imu.o(.data)
    q2                                       0x20000054   Data           4  imu.o(.data)
    q3                                       0x20000058   Data           4  imu.o(.data)
    exInt                                    0x2000005c   Data           4  imu.o(.data)
    eyInt                                    0x20000060   Data           4  imu.o(.data)
    ezInt                                    0x20000064   Data           4  imu.o(.data)
    getlast_roll                             0x2000006c   Data           2  control.o(.data)
    geilast_pitch                            0x2000006e   Data           2  control.o(.data)
    rol_i                                    0x20000070   Data           4  control.o(.data)
    pit_i                                    0x20000074   Data           4  control.o(.data)
    yaw_p                                    0x20000078   Data           4  control.o(.data)
    Moto_PWM_1                               0x2000007c   Data           2  control.o(.data)
    Moto_PWM_2                               0x2000007e   Data           2  control.o(.data)
    Moto_PWM_3                               0x20000080   Data           2  control.o(.data)
    Moto_PWM_4                               0x20000082   Data           2  control.o(.data)
    Moto_PWM_5                               0x20000084   Data           2  control.o(.data)
    Moto_PWM_6                               0x20000086   Data           2  control.o(.data)
    Moto_PWM_7                               0x20000088   Data           2  control.o(.data)
    Moto_PWM_8                               0x2000008a   Data           2  control.o(.data)
    Data_Check                               0x2000008e   Data           1  data_transfer.o(.data)
    Send_Status                              0x2000008f   Data           1  data_transfer.o(.data)
    Send_Senser                              0x20000090   Data           1  data_transfer.o(.data)
    Send_RCData                              0x20000091   Data           1  data_transfer.o(.data)
    Send_Offset                              0x20000092   Data           1  data_transfer.o(.data)
    Send_PID1                                0x20000093   Data           1  data_transfer.o(.data)
    Send_PID2                                0x20000094   Data           1  data_transfer.o(.data)
    Send_PID3                                0x20000095   Data           1  data_transfer.o(.data)
    Send_PID4                                0x20000096   Data           1  data_transfer.o(.data)
    Send_PID5                                0x20000097   Data           1  data_transfer.o(.data)
    Send_PID6                                0x20000098   Data           1  data_transfer.o(.data)
    Send_MotoPwm                             0x20000099   Data           1  data_transfer.o(.data)
    VirtAddVarTab                            0x2000009a   Data         114  bsp.o(.data)
    temp                                     0x2000010c   Data           2  bsp.o(.data)
    DataVar                                  0x20000118   Data           2  eeprom.o(.data)
    CurWrAddress                             0x2000011c   Data           4  eeprom.o(.data)
    mx_max                                   0x20000120   Data           4  gmr.o(.data)
    mx_min                                   0x20000124   Data           4  gmr.o(.data)
    my_max                                   0x20000128   Data           4  gmr.o(.data)
    my_min                                   0x2000012c   Data           4  gmr.o(.data)
    mz_max                                   0x20000130   Data           4  gmr.o(.data)
    mz_min                                   0x20000134   Data           4  gmr.o(.data)
    mx_temp                                  0x20000138   Data           4  gmr.o(.data)
    my_temp                                  0x2000013c   Data           4  gmr.o(.data)
    mz_temp                                  0x20000140   Data           4  gmr.o(.data)
    mx_mid                                   0x20000144   Data           4  gmr.o(.data)
    my_mid                                   0x20000148   Data           4  gmr.o(.data)
    mz_mid                                   0x2000014c   Data           4  gmr.o(.data)
    Xsf                                      0x20000150   Data           4  gmr.o(.data)
    Ysf                                      0x20000154   Data           4  gmr.o(.data)
    Zsf                                      0x20000158   Data           4  gmr.o(.data)
    mx_data                                  0x2000015c   Data           4  gmr.o(.data)
    my_data                                  0x20000160   Data           4  gmr.o(.data)
    mz_data                                  0x20000164   Data           4  gmr.o(.data)
    mx                                       0x20000168   Data           4  gmr.o(.data)
    my                                       0x2000016c   Data           4  gmr.o(.data)
    mz                                       0x20000170   Data           4  gmr.o(.data)
    norm                                     0x20000174   Data           4  gmr.o(.data)
    TIM3_IRQCNT                              0x2000017c   Data           4  tim3.o(.data)
    TxCounter                                0x20000180   Data           1  usart.o(.data)
    count                                    0x20000181   Data           1  usart.o(.data)
    GYRO_OFFSET                              0x20000188   Data           6  mpu6050.o(.data)
    ACC_OFFSET                               0x2000018e   Data           6  mpu6050.o(.data)
    TX_ADDRESS                               0x200001b5   Data           5  nrf24l01.o(.data)
    RX_ADDRESS                               0x200001ba   Data           5  nrf24l01.o(.data)
    SystemCoreClock                          0x200001d8   Data           4  system_stm32f10x.o(.data)
    AHBPrescTable                            0x200001dc   Data          16  system_stm32f10x.o(.data)
    STOP_DELAY_TIME                          0x20000200   Data           4  ano_tc_stm32f1_i2c.o(.data)
    Dev_Addr                                 0x20000204   Data           1  ano_tc_stm32f1_i2c.o(.data)
    Reg_Addr                                 0x20000205   Data           1  ano_tc_stm32f1_i2c.o(.data)
    WR_Num                                   0x20000206   Data           1  ano_tc_stm32f1_i2c.o(.data)
    WR_Num_Cnt                               0x20000207   Data           1  ano_tc_stm32f1_i2c.o(.data)
    WR_Temp                                  0x20000208   Data           4  ano_tc_stm32f1_i2c.o(.data)
    W_R                                      0x2000020c   Data           1  ano_tc_stm32f1_i2c.o(.data)
    Send_WRReg_OK                            0x2000020d   Data           1  ano_tc_stm32f1_i2c.o(.data)
    Send_WRReg_OK2                           0x2000020e   Data           1  ano_tc_stm32f1_i2c.o(.data)
    I2C_BUSY                                 0x2000020f   Data           1  ano_tc_stm32f1_i2c.o(.data)
    IIC_ERROR_CNT                            0x20000210   Data           1  ano_tc_stm32f1_i2c.o(.data)
    Att_Angle                                0x20000214   Data          12  main.o(.bss)
    Rc_D                                     0x20000220   Data          20  main.o(.bss)
    PID_ROL                                  0x200002ac   Data          32  control.o(.bss)
    PID_PIT                                  0x200002cc   Data          32  control.o(.bss)
    PID_YAW                                  0x200002ec   Data          32  control.o(.bss)
    PID_ALT                                  0x2000030c   Data          32  control.o(.bss)
    PID_POS                                  0x2000032c   Data          32  control.o(.bss)
    PID_PID_1                                0x2000034c   Data          32  control.o(.bss)
    PID_PID_2                                0x2000036c   Data          32  control.o(.bss)
    PID_PID_3                                0x2000038c   Data          32  control.o(.bss)
    PID_PID_4                                0x200003ac   Data          32  control.o(.bss)
    PID_PID_5                                0x200003cc   Data          32  control.o(.bss)
    PID_PID_6                                0x200003ec   Data          32  control.o(.bss)
    PID_PID_7                                0x2000040c   Data          32  control.o(.bss)
    PID_PID_8                                0x2000042c   Data          32  control.o(.bss)
    PID_PID_9                                0x2000044c   Data          32  control.o(.bss)
    PID_PID_10                               0x2000046c   Data          32  control.o(.bss)
    PID_PID_11                               0x2000048c   Data          32  control.o(.bss)
    PID_PID_12                               0x200004ac   Data          32  control.o(.bss)
    data_to_send                             0x200004cc   Data          50  data_transfer.o(.bss)
    AD_Value                                 0x200004fe   Data          60  gmr.o(.bss)
    TxBuffer                                 0x2000053a   Data         256  usart.o(.bss)
    NRF24L01_RXDATA                          0x2000067a   Data          32  nrf24l01.o(.bss)
    NRF24L01_TXDATA                          0x2000069a   Data          32  nrf24l01.o(.bss)
    __libspace_start                         0x200006d0   Data          96  libspace.o(.bss)
    __temporary_stack_top$libspace           0x20000730   Data           0  libspace.o(.bss)



==============================================================================

Memory Map of the image

  Image Entry point : 0x080000ed

  Load Region LR_IROM1 (Base: 0x08000000, Size: 0x0000aaa4, Max: 0x00010000, ABSOLUTE, COMPRESSED[0x0000a940])

    Execution Region ER_IROM1 (Base: 0x08000000, Size: 0x0000a890, Max: 0x00010000, ABSOLUTE)

    Base Addr    Size         Type   Attr      Idx    E Section Name        Object

    0x08000000   0x000000ec   Data   RO          483    RESET               startup_stm32f10x_md.o
    0x080000ec   0x00000008   Code   RO          767  * !!!main             c_w.l(__main.o)
    0x080000f4   0x00000034   Code   RO         1046    !!!scatter          c_w.l(__scatter.o)
    0x08000128   0x0000005a   Code   RO         1044    !!dczerorl2         c_w.l(__dczerorl2.o)
    0x08000182   0x00000002   PAD
    0x08000184   0x0000001c   Code   RO         1048    !!handler_zi        c_w.l(__scatter_zi.o)
    0x080001a0   0x00000002   Code   RO          916    .ARM.Collect$$libinit$$00000000  c_w.l(libinit.o)
    0x080001a2   0x00000000   Code   RO          922    .ARM.Collect$$libinit$$00000002  c_w.l(libinit2.o)
    0x080001a2   0x00000000   Code   RO          925    .ARM.Collect$$libinit$$00000008  c_w.l(libinit2.o)
    0x080001a2   0x00000000   Code   RO          927    .ARM.Collect$$libinit$$0000000A  c_w.l(libinit2.o)
    0x080001a2   0x00000000   Code   RO          929    .ARM.Collect$$libinit$$0000000C  c_w.l(libinit2.o)
    0x080001a2   0x00000000   Code   RO          932    .ARM.Collect$$libinit$$0000000F  c_w.l(libinit2.o)
    0x080001a2   0x00000000   Code   RO          934    .ARM.Collect$$libinit$$00000011  c_w.l(libinit2.o)
    0x080001a2   0x00000000   Code   RO          936    .ARM.Collect$$libinit$$00000013  c_w.l(libinit2.o)
    0x080001a2   0x00000000   Code   RO          938    .ARM.Collect$$libinit$$00000015  c_w.l(libinit2.o)
    0x080001a2   0x00000000   Code   RO          940    .ARM.Collect$$libinit$$00000017  c_w.l(libinit2.o)
    0x080001a2   0x00000000   Code   RO          942    .ARM.Collect$$libinit$$00000019  c_w.l(libinit2.o)
    0x080001a2   0x00000000   Code   RO          944    .ARM.Collect$$libinit$$0000001B  c_w.l(libinit2.o)
    0x080001a2   0x00000000   Code   RO          946    .ARM.Collect$$libinit$$0000001D  c_w.l(libinit2.o)
    0x080001a2   0x00000000   Code   RO          948    .ARM.Collect$$libinit$$0000001F  c_w.l(libinit2.o)
    0x080001a2   0x00000000   Code   RO          950    .ARM.Collect$$libinit$$00000021  c_w.l(libinit2.o)
    0x080001a2   0x00000000   Code   RO          952    .ARM.Collect$$libinit$$00000023  c_w.l(libinit2.o)
    0x080001a2   0x00000000   Code   RO          956    .ARM.Collect$$libinit$$0000002A  c_w.l(libinit2.o)
    0x080001a2   0x00000000   Code   RO          958    .ARM.Collect$$libinit$$0000002C  c_w.l(libinit2.o)
    0x080001a2   0x00000000   Code   RO          960    .ARM.Collect$$libinit$$0000002E  c_w.l(libinit2.o)
    0x080001a2   0x00000000   Code   RO          962    .ARM.Collect$$libinit$$00000030  c_w.l(libinit2.o)
    0x080001a2   0x00000002   Code   RO          963    .ARM.Collect$$libinit$$00000031  c_w.l(libinit2.o)
    0x080001a4   0x00000002   Code   RO          985    .ARM.Collect$$libshutdown$$00000000  c_w.l(libshutdown.o)
    0x080001a6   0x00000000   Code   RO          999    .ARM.Collect$$libshutdown$$00000003  c_w.l(libshutdown2.o)
    0x080001a6   0x00000000   Code   RO         1002    .ARM.Collect$$libshutdown$$00000006  c_w.l(libshutdown2.o)
    0x080001a6   0x00000000   Code   RO         1005    .ARM.Collect$$libshutdown$$00000009  c_w.l(libshutdown2.o)
    0x080001a6   0x00000000   Code   RO         1007    .ARM.Collect$$libshutdown$$0000000B  c_w.l(libshutdown2.o)
    0x080001a6   0x00000000   Code   RO         1010    .ARM.Collect$$libshutdown$$0000000E  c_w.l(libshutdown2.o)
    0x080001a6   0x00000002   Code   RO         1011    .ARM.Collect$$libshutdown$$0000000F  c_w.l(libshutdown2.o)
    0x080001a8   0x00000000   Code   RO          839    .ARM.Collect$$rtentry$$00000000  c_w.l(rtentry.o)
    0x080001a8   0x00000000   Code   RO          881    .ARM.Collect$$rtentry$$00000002  c_w.l(rtentry2.o)
    0x080001a8   0x00000006   Code   RO          893    .ARM.Collect$$rtentry$$00000004  c_w.l(rtentry4.o)
    0x080001ae   0x00000000   Code   RO          883    .ARM.Collect$$rtentry$$00000009  c_w.l(rtentry2.o)
    0x080001ae   0x00000004   Code   RO          884    .ARM.Collect$$rtentry$$0000000A  c_w.l(rtentry2.o)
    0x080001b2   0x00000000   Code   RO          886    .ARM.Collect$$rtentry$$0000000C  c_w.l(rtentry2.o)
    0x080001b2   0x00000008   Code   RO          887    .ARM.Collect$$rtentry$$0000000D  c_w.l(rtentry2.o)
    0x080001ba   0x00000002   Code   RO          919    .ARM.Collect$$rtexit$$00000000  c_w.l(rtexit.o)
    0x080001bc   0x00000000   Code   RO          967    .ARM.Collect$$rtexit$$00000002  c_w.l(rtexit2.o)
    0x080001bc   0x00000004   Code   RO          968    .ARM.Collect$$rtexit$$00000003  c_w.l(rtexit2.o)
    0x080001c0   0x00000006   Code   RO          969    .ARM.Collect$$rtexit$$00000004  c_w.l(rtexit2.o)
    0x080001c6   0x00000002   PAD
    0x080001c8   0x00000278   Code   RO            1    .text               main.o
    0x08000440   0x000000b0   Code   RO          132    .text               stm32f10x_it.o
    0x080004f0   0x000006e4   Code   RO          165    .text               imu.o
    0x08000bd4   0x00000400   Code   RO          192    .text               control.o
    0x08000fd4   0x00000110   Code   RO          211    .text               rc.o
    0x080010e4   0x00001838   Code   RO          228    .text               data_transfer.o
    0x0800291c   0x00000f78   Code   RO          256    .text               bsp.o
    0x08003894   0x00000188   Code   RO          295    .text               led.o
    0x08003a1c   0x000004d8   Code   RO          308    .text               eeprom.o
    0x08003ef4   0x00000530   Code   RO          324    .text               gmr.o
    0x08004424   0x00000064   Code   RO          344    .text               tim3.o
    0x08004488   0x000002a4   Code   RO          362    .text               usart.o
    0x0800472c   0x00000490   Code   RO          392    .text               mpu6050.o
    0x08004bbc   0x000001a8   Code   RO          411    .text               moto.o
    0x08004d64   0x000000fc   Code   RO          429    .text               spi.o
    0x08004e60   0x00000244   Code   RO          444    .text               nrf24l01.o
    0x080050a4   0x00000394   Code   RO          463    .text               tim_pwm_in.o
    0x08005438   0x00000040   Code   RO          484    .text               startup_stm32f10x_md.o
    0x08005478   0x000001e0   Code   RO          489    .text               system_stm32f10x.o
    0x08005658   0x000000dc   Code   RO          560    .text               misc.o
    0x08005734   0x0000035c   Code   RO          576    .text               stm32f10x_gpio.o
    0x08005a90   0x00000e1a   Code   RO          588    .text               stm32f10x_tim.o
    0x080068aa   0x00000002   PAD
    0x080068ac   0x00000408   Code   RO          600    .text               stm32f10x_usart.o
    0x08006cb4   0x000003a4   Code   RO          612    .text               stm32f10x_rcc.o
    0x08007058   0x0000030c   Code   RO          626    .text               stm32f10x_spi.o
    0x08007364   0x00000404   Code   RO          638    .text               stm32f10x_i2c.o
    0x08007768   0x000005bc   Code   RO          650    .text               stm32f10x_flash.o
    0x08007d24   0x0000044e   Code   RO          662    .text               stm32f10x_adc.o
    0x08008172   0x00000002   PAD
    0x08008174   0x00000254   Code   RO          674    .text               stm32f10x_dma.o
    0x080083c8   0x0000011c   Code   RO          686    .text               stm32f10x_exti.o
    0x080084e4   0x0000084c   Code   RO          698    .text               ANO_TC_STM32F1_I2C.lib(ano_tc_stm32f1_i2c.o)
    0x08008d30   0x00000006   Code   RO          765    .text               c_w.l(heapauxi.o)
    0x08008d36   0x00000016   Code   RO          840    .text               c_w.l(_rserrno.o)
    0x08008d4c   0x00000008   Code   RO          898    .text               c_w.l(rt_errno_addr_intlibspace.o)
    0x08008d54   0x00000008   Code   RO          904    .text               c_w.l(libspace.o)
    0x08008d5c   0x0000004a   Code   RO          907    .text               c_w.l(sys_stackheap_outer.o)
    0x08008da6   0x0000000c   Code   RO          909    .text               c_w.l(exit.o)
    0x08008db2   0x00000002   PAD
    0x08008db4   0x0000000c   Code   RO          977    .text               c_w.l(sys_exit.o)
    0x08008dc0   0x00000002   Code   RO          988    .text               c_w.l(use_no_semi.o)
    0x08008dc2   0x00000000   Code   RO          990    .text               c_w.l(indicate_semi.o)
    0x08008dc2   0x00000028   Code   RO          875    i.__ARM_fpclassify  m_ws.l(fpclassify.o)
    0x08008dea   0x000000aa   Code   RO          877    i.__kernel_poly     m_ws.l(poly.o)
    0x08008e94   0x00000010   Code   RO          873    i.__mathlib_dbl_underflow  m_ws.l(dunder.o)
    0x08008ea4   0x0000027c   Code   RO          814    i.asin              m_ws.l(asin.o)
    0x08009120   0x00000224   Code   RO          864    i.atan              m_ws.l(atan.o)
    0x08009344   0x00000180   Code   RO          824    i.atan2             m_ws.l(atan2.o)
    0x080094c4   0x0000004c   Code   RO          832    i.sqrt              m_ws.l(sqrt.o)
    0x08009510   0x00000062   Code   RO          769    x$fpl$d2f           fz_ws.l(d2f.o)
    0x08009572   0x00000002   PAD
    0x08009574   0x00000150   Code   RO          771    x$fpl$dadd          fz_ws.l(daddsub_clz.o)
    0x080096c4   0x00000010   Code   RO          900    x$fpl$dcheck1       fz_ws.l(dcheck1.o)
    0x080096d4   0x000002b0   Code   RO          843    x$fpl$ddiv          fz_ws.l(ddiv.o)
    0x08009984   0x00000154   Code   RO          777    x$fpl$dmul          fz_ws.l(dmul.o)
    0x08009ad8   0x0000009c   Code   RO          848    x$fpl$dnaninf       fz_ws.l(dnaninf.o)
    0x08009b74   0x0000000c   Code   RO          850    x$fpl$dretinf       fz_ws.l(dretinf.o)
    0x08009b80   0x00000016   Code   RO          772    x$fpl$drsb          fz_ws.l(daddsub_clz.o)
    0x08009b96   0x00000002   PAD
    0x08009b98   0x000001cc   Code   RO          852    x$fpl$dsqrt         fz_ws.l(dsqrt_noumaal.o)
    0x08009d64   0x000001d4   Code   RO          773    x$fpl$dsub          fz_ws.l(daddsub_clz.o)
    0x08009f38   0x00000056   Code   RO          779    x$fpl$f2d           fz_ws.l(f2d.o)
    0x08009f8e   0x00000002   PAD
    0x08009f90   0x000000c4   Code   RO          781    x$fpl$fadd          fz_ws.l(faddsub_clz.o)
    0x0800a054   0x00000018   Code   RO          854    x$fpl$fcmpinf       fz_ws.l(fcmpi.o)
    0x0800a06c   0x00000184   Code   RO          788    x$fpl$fdiv          fz_ws.l(fdiv.o)
    0x0800a1f0   0x00000068   Code   RO          791    x$fpl$feqf          fz_ws.l(feqf.o)
    0x0800a258   0x00000036   Code   RO          793    x$fpl$ffix          fz_ws.l(ffix.o)
    0x0800a28e   0x00000002   PAD
    0x0800a290   0x0000003e   Code   RO          797    x$fpl$ffixu         fz_ws.l(ffixu.o)
    0x0800a2ce   0x00000002   PAD
    0x0800a2d0   0x00000030   Code   RO          802    x$fpl$fflt          fz_ws.l(fflt_clz.o)
    0x0800a300   0x00000026   Code   RO          801    x$fpl$ffltu         fz_ws.l(fflt_clz.o)
    0x0800a326   0x00000002   PAD
    0x0800a328   0x00000068   Code   RO          807    x$fpl$fleqf         fz_ws.l(fleqf.o)
    0x0800a390   0x00000102   Code   RO          809    x$fpl$fmul          fz_ws.l(fmul.o)
    0x0800a492   0x0000008c   Code   RO          856    x$fpl$fnaninf       fz_ws.l(fnaninf.o)
    0x0800a51e   0x0000000a   Code   RO          858    x$fpl$fretinf       fz_ws.l(fretinf.o)
    0x0800a528   0x00000062   Code   RO          811    x$fpl$frleqf        fz_ws.l(frleqf.o)
    0x0800a58a   0x00000014   Code   RO          782    x$fpl$frsb          fz_ws.l(faddsub_clz.o)
    0x0800a59e   0x00000002   PAD
    0x0800a5a0   0x000000ea   Code   RO          783    x$fpl$fsub          fz_ws.l(faddsub_clz.o)
    0x0800a68a   0x00000064   Code   RO          917    x$fpl$retnan        fz_ws.l(retnan.o)
    0x0800a6ee   0x0000005c   Code   RO          860    x$fpl$scalbn        fz_ws.l(scalbn.o)
    0x0800a74a   0x00000030   Code   RO          964    x$fpl$trapveneer    fz_ws.l(trapv.o)
    0x0800a77a   0x00000000   Code   RO          862    x$fpl$usenofp       fz_ws.l(usenofp.o)
    0x0800a77a   0x00000006   PAD
    0x0800a780   0x00000050   Data   RO          815    .constdata          m_ws.l(asin.o)
    0x0800a7d0   0x00000098   Data   RO          865    .constdata          m_ws.l(atan.o)
    0x0800a868   0x00000008   Data   RO          879    .constdata          m_ws.l(qnan.o)
    0x0800a870   0x00000020   Data   RO         1042    Region$$Table       anon$$obj.o


    Execution Region RW_IRAM1 (Base: 0x20000000, Size: 0x00000d30, Max: 0x00005000, ABSOLUTE, COMPRESSED[0x000000b0])

    Base Addr    Size         Type   Attr      Idx    E Section Name        Object

    0x20000000   0x0000003c   Data   RW            3    .data               main.o
    0x2000003c   0x00000008   Data   RW          133    .data               stm32f10x_it.o
    0x20000044   0x00000025   Data   RW          167    .data               imu.o
    0x20000069   0x00000003   PAD
    0x2000006c   0x00000020   Data   RW          194    .data               control.o
    0x2000008c   0x00000002   Data   RW          212    .data               rc.o
    0x2000008e   0x0000000c   Data   RW          230    .data               data_transfer.o
    0x2000009a   0x00000074   Data   RW          257    .data               bsp.o
    0x2000010e   0x00000002   PAD
    0x20000110   0x00000008   Data   RW          296    .data               led.o
    0x20000118   0x00000008   Data   RW          309    .data               eeprom.o
    0x20000120   0x0000005c   Data   RW          326    .data               gmr.o
    0x2000017c   0x00000004   Data   RW          345    .data               tim3.o
    0x20000180   0x00000005   Data   RW          364    .data               usart.o
    0x20000185   0x00000003   PAD
    0x20000188   0x0000002d   Data   RW          394    .data               mpu6050.o
    0x200001b5   0x0000000a   Data   RW          446    .data               nrf24l01.o
    0x200001bf   0x00000001   PAD
    0x200001c0   0x00000018   Data   RW          465    .data               tim_pwm_in.o
    0x200001d8   0x00000014   Data   RW          490    .data               system_stm32f10x.o
    0x200001ec   0x00000014   Data   RW          613    .data               stm32f10x_rcc.o
    0x20000200   0x00000011   Data   RW          699    .data               ANO_TC_STM32F1_I2C.lib(ano_tc_stm32f1_i2c.o)
    0x20000211   0x00000003   PAD
    0x20000214   0x00000020   Zero   RW            2    .bss                main.o
    0x20000234   0x00000078   Zero   RW          166    .bss                imu.o
    0x200002ac   0x00000220   Zero   RW          193    .bss                control.o
    0x200004cc   0x00000032   Zero   RW          229    .bss                data_transfer.o
    0x200004fe   0x0000003c   Zero   RW          325    .bss                gmr.o
    0x2000053a   0x00000132   Zero   RW          363    .bss                usart.o
    0x2000066c   0x0000000e   Zero   RW          393    .bss                mpu6050.o
    0x2000067a   0x00000040   Zero   RW          445    .bss                nrf24l01.o
    0x200006ba   0x00000014   Zero   RW          464    .bss                tim_pwm_in.o
    0x200006ce   0x00000002   PAD
    0x200006d0   0x00000060   Zero   RW          905    .bss                c_w.l(libspace.o)
    0x20000730   0x00000200   Zero   RW          482    HEAP                startup_stm32f10x_md.o
    0x20000930   0x00000400   Zero   RW          481    STACK               startup_stm32f10x_md.o


==============================================================================

Image component sizes


      Code (inc. data)   RO Data    RW Data    ZI Data      Debug   Object Name

      3960        208          0        116          0       3983   bsp.o
      1024         66          0         32        544       2932   control.o
      6200        366          0         12         50       8577   data_transfer.o
      1240         40          0          8          0       5038   eeprom.o
      1328        130          0         92         60       3175   gmr.o
      1764        106          0         37        120       4274   imu.o
       392         34          0          8          0       1176   led.o
       632         94          0         60         32     279124   main.o
       220         22          0          0          0       1729   misc.o
       424          8          0          0          0       1391   moto.o
      1168         52          0         45         14       4613   mpu6050.o
       580         16          0         10         64       3130   nrf24l01.o
       272         10          0          2          0        969   rc.o
       252         14          0          0          0        803   spi.o
        64         26        236          0       1536        816   startup_stm32f10x_md.o
      1102         26          0          0          0      10761   stm32f10x_adc.o
       596          8          0          0          0       4262   stm32f10x_dma.o
       284         10          0          0          0       2163   stm32f10x_exti.o
      1468         34          0          0          0       7962   stm32f10x_flash.o
       860         38          0          0          0       5573   stm32f10x_gpio.o
      1028         16          0          0          0       9039   stm32f10x_i2c.o
       176         22          0          8          0       2226   stm32f10x_it.o
       932         36          0         20          0       8736   stm32f10x_rcc.o
       780         14          0          0          0       6454   stm32f10x_spi.o
      3610         88          0          0          0      22060   stm32f10x_tim.o
      1032         22          0          0          0       8300   stm32f10x_usart.o
       480         38          0         20          0     290567   system_stm32f10x.o
       100          6          0          4          0        943   tim3.o
       916         48          0         24         20       2222   tim_pwm_in.o
       676         38          0          5        306       2429   usart.o

    ----------------------------------------------------------------------
     33564       1636        268        512       2748     705427   Object Totals
         0          0         32          0          0          0   (incl. Generated)
         4          0          0          9          2          0   (incl. Padding)

    ----------------------------------------------------------------------

      Code (inc. data)   RO Data    RW Data    ZI Data      Debug   Library Member Name

      2124         92          0         17          0     227346   ano_tc_stm32f1_i2c.o
        90          0          0          0          0          0   __dczerorl2.o
         8          0          0          0          0         68   __main.o
        52          8          0          0          0          0   __scatter.o
        28          0          0          0          0          0   __scatter_zi.o
        22          0          0          0          0        100   _rserrno.o
        12          0          0          0          0         72   exit.o
         6          0          0          0          0        152   heapauxi.o
         0          0          0          0          0          0   indicate_semi.o
         2          0          0          0          0          0   libinit.o
         2          0          0          0          0          0   libinit2.o
         2          0          0          0          0          0   libshutdown.o
         2          0          0          0          0          0   libshutdown2.o
         8          4          0          0         96         68   libspace.o
         8          4          0          0          0         68   rt_errno_addr_intlibspace.o
         0          0          0          0          0          0   rtentry.o
        12          0          0          0          0          0   rtentry2.o
         6          0          0          0          0          0   rtentry4.o
         2          0          0          0          0          0   rtexit.o
        10          0          0          0          0          0   rtexit2.o
        12          4          0          0          0         68   sys_exit.o
        74          0          0          0          0         80   sys_stackheap_outer.o
         2          0          0          0          0         68   use_no_semi.o
        98          4          0          0          0         92   d2f.o
       826         16          0          0          0        348   daddsub_clz.o
        16          4          0          0          0         68   dcheck1.o
       688        140          0          0          0        208   ddiv.o
       340         12          0          0          0        104   dmul.o
       156          4          0          0          0         92   dnaninf.o
        12          0          0          0          0         68   dretinf.o
       460         56          0          0          0        120   dsqrt_noumaal.o
        86          4          0          0          0         84   f2d.o
       450          8          0          0          0        236   faddsub_clz.o
        24          0          0          0          0         68   fcmpi.o
       388         76          0          0          0         96   fdiv.o
       104          4          0          0          0         84   feqf.o
        54          4          0          0          0         84   ffix.o
        62          4          0          0          0         84   ffixu.o
        86          0          0          0          0        136   fflt_clz.o
       104          4          0          0          0         84   fleqf.o
       258          4          0          0          0         84   fmul.o
       140          4          0          0          0         84   fnaninf.o
        10          0          0          0          0         68   fretinf.o
        98          0          0          0          0         68   frleqf.o
       100          0          0          0          0         68   retnan.o
        92          0          0          0          0         68   scalbn.o
        48          0          0          0          0         68   trapv.o
         0          0          0          0          0          0   usenofp.o
       636         52         80          0          0        168   asin.o
       548         70        152          0          0        124   atan.o
       384         38          0          0          0        144   atan2.o
        16          6          0          0          0         68   dunder.o
        40          0          0          0          0         68   fpclassify.o
       170          0          0          0          0         96   poly.o
         0          0          8          0          0          0   qnan.o
        76          0          0          0          0         84   sqrt.o

    ----------------------------------------------------------------------
      9080        626        240         20         96     231406   Library Totals
        26          0          0          3          0          0   (incl. Padding)

    ----------------------------------------------------------------------

      Code (inc. data)   RO Data    RW Data    ZI Data      Debug   Library Name

      2124         92          0         17          0     227346   ANO_TC_STM32F1_I2C.lib
       360         20          0          0         96        744   c_w.l
      4700        348          0          0          0       2564   fz_ws.l
      1870        166        240          0          0        752   m_ws.l

    ----------------------------------------------------------------------
      9080        626        240         20         96     231406   Library Totals

    ----------------------------------------------------------------------

==============================================================================


      Code (inc. data)   RO Data    RW Data    ZI Data      Debug   

     42644       2262        508        532       2844     931941   Grand Totals
     42644       2262        508        176       2844     931941   ELF Image Totals (compressed)
     42644       2262        508        176          0          0   ROM Totals

==============================================================================

    Total RO  Size (Code + RO Data)                43152 (  42.14kB)
    Total RW  Size (RW Data + ZI Data)              3376 (   3.30kB)
    Total ROM Size (Code + RO Data + RW Data)      43328 (  42.31kB)

==============================================================================

